    Updating crates.io index
    Updating git repository `https://github.com/longbridge/gpui-kit`
 Downloading crates ...
  Downloaded aligned-vec v0.6.4
  Downloaded arg_enum_proc_macro v0.3.4
  Downloaded arrayvec v0.7.8
  Downloaded lazy_static v1.5.0
  Downloaded maybe-rayon v0.1.1
  Downloaded async-task v4.7.1
  Downloaded core_maths v0.1.1
  Downloaded log v0.4.34
  Downloaded bit_field v0.10.3
  Downloaded cexpr v0.6.0
  Downloaded color_quant v1.1.0
  Downloaded lyon v1.0.19
  Downloaded option-ext v0.2.0
  Downloaded libloading v0.8.9
  Downloaded lyon_geom v1.0.19
  Downloaded nu-ansi-term v0.50.3
  Downloaded dispatch2 v0.3.1
  Downloaded concurrent-queue v2.5.0
  Downloaded markdown v1.0.0
  Downloaded minimal-lexical v0.2.1
  Downloaded normpath v1.5.2
  Downloaded objc2-core-data v0.2.2
  Downloaded objc2-core-video v0.3.2
  Downloaded parking_lot_core v0.9.12
  Downloaded anyhow v1.0.104
  Downloaded arrayref v0.3.9
  Downloaded async-compression v0.4.48
  Downloaded backtrace v0.3.76
  Downloaded bumpalo v3.20.3
  Downloaded core-foundation v0.10.1
  Downloaded core-graphics v0.24.0
  Downloaded dyn-clone v1.0.20
  Downloaded instant v0.1.13
  Downloaded itoa v1.0.18
  Downloaded leak v0.1.2
  Downloaded new_debug_unreachable v1.0.6
  Downloaded nom v7.1.3
  Downloaded num-derive v0.4.2
  Downloaded objc2 v0.6.4
  Downloaded objc2-core-graphics v0.3.2
  Downloaded parking v2.2.1
  Downloaded taffy v0.13.0
  Downloaded unicode-vo v0.1.0
  Downloaded unicode-xid v0.2.6
  Downloaded allocator-api2 v0.2.21
  Downloaded anstyle v1.0.14
  Downloaded arc-swap v1.9.2
  Downloaded async-channel v2.5.0
  Downloaded async-executor v1.14.0
  Downloaded async-io v2.6.0
  Downloaded async-lock v3.4.2
  Downloaded async-process v2.5.0
  Downloaded async-signal v0.2.14
  Downloaded atomic v0.5.3
  Downloaded atomic-waker v1.1.2
  Downloaded autocfg v1.5.1
  Downloaded av1-grain v0.2.5
  Downloaded cpufeatures v0.3.1
  Downloaded dirs-sys v0.5.0
  Downloaded inventory v0.3.24
  Downloaded io-surface v0.16.1
  Downloaded jobserver v0.1.35
  Downloaded kurbo v0.13.1
  Downloaded lebe v0.5.3
  Downloaded linktime-proc-macro v0.2.3
  Downloaded litemap v0.8.3
  Downloaded lock_api v0.4.14
  Downloaded loop9 v0.1.5
  Downloaded mach2 v0.5.0
  Downloaded malloc_buf v0.0.6
  Downloaded markup5ever v0.12.1
  Downloaded markup5ever_rcdom v0.3.0
  Downloaded memmap2 v0.9.11
  Downloaded mime v0.3.17
  Downloaded mime_guess v2.0.5
  Downloaded multiversion_no_op v1.0.0
  Downloaded no_std_io2 v0.9.4
  Downloaded noop_proc_macro v0.3.0
  Downloaded notify v7.0.0
  Downloaded num-integer v0.1.47
  Downloaded objc2-core-audio v0.3.2
  Downloaded objc2-core-audio-types v0.3.2
  Downloaded objc2-io-surface v0.3.2
  Downloaded objc2-quartz-core v0.3.2
  Downloaded objc2-screen-capture-kit v0.3.2
  Downloaded y4m v0.8.0
  Downloaded accesskit v0.24.1
  Downloaded accesskit_consumer v0.38.0
  Downloaded accesskit_macos v0.26.3
  Downloaded addr2line v0.25.1
  Downloaded adler2 v2.0.1
  Downloaded aligned v0.4.3
  Downloaded annotate-snippets v0.12.16
  Downloaded arraydeque v0.5.1
  Downloaded as-slice v0.2.1
  Downloaded async-fs v2.2.0
  Downloaded async-net v2.0.0
  Downloaded av-scenechange v0.14.1
  Downloaded avif-serialize v0.8.9
  Downloaded base62 v2.2.6
  Downloaded base64 v0.22.1
  Downloaded bindgen v0.72.1
  Downloaded bitflags v2.13.2
  Downloaded bitstream-io v4.10.0
  Downloaded block v0.1.6
  Downloaded block-buffer v0.12.1
  Downloaded block2 v0.5.1
  Downloaded block2 v0.6.2
  Downloaded blocking v1.7.0
  Downloaded built v0.8.1
  Downloaded bytemuck v1.25.2
  Downloaded byteorder-lite v0.1.0
  Downloaded cfg_aliases v0.2.2
  Downloaded clang-sys v1.9.1
  Downloaded compression-core v0.4.33
  Downloaded const-oid v0.10.2
  Downloaded convert_case v0.10.0
  Downloaded core-foundation-sys v0.8.7
  Downloaded core-video v0.5.2
  Downloaded crc32fast v1.5.2
  Downloaded crossbeam-queue v0.3.14
  Downloaded dirs v5.0.1
  Downloaded itertools v0.11.0
  Downloaded itertools v0.13.0
  Downloaded itertools v0.14.0
  Downloaded leaky-cow v0.1.1
  Downloaded libm v0.2.16
  Downloaded link-section v0.19.3
  Downloaded lsp-types v0.97.0
  Downloaded mac v0.1.1
  Downloaded miniz_oxide v0.9.1
  Downloaded nohash-hasher v0.2.0
  Downloaded notify-types v1.0.1
  Downloaded num-bigint v0.4.8
  Downloaded num-complex v0.4.6
  Downloaded num-rational v0.4.2
  Downloaded num_cpus v1.17.0
  Downloaded objc v0.2.7
  Downloaded objc-sys v0.3.5
  Downloaded objc2-core-data v0.3.2
  Downloaded objc2-core-image v0.2.2
  Downloaded objc2-core-location v0.3.2
  Downloaded objc2-encode v4.1.0
  Downloaded objc2-quartz-core v0.2.2
  Downloaded objc2-user-notifications v0.3.2
  Downloaded objc_exception v0.1.2
  Downloaded once_cell v1.21.4
  Downloaded parking_lot v0.12.5
  Downloaded sval_dynamic v2.22.0
  Downloaded sval_fmt v2.22.0
  Downloaded toml_datetime v0.6.11
  Downloaded toml_datetime v1.1.1+spec-1.1.0
  Downloaded xmlwriter v0.1.0
  Downloaded bitflags v1.3.2
  Downloaded bytemuck_derive v1.12.1
  Downloaded byteorder v1.5.0
  Downloaded bytes v1.12.1
  Downloaded bzip2 v0.6.1
  Downloaded cc v1.4.7
  Downloaded cfg-if v1.0.5
  Downloaded cgl v0.3.2
  Downloaded cocoa v0.26.1
  Downloaded cocoa-foundation v0.2.1
  Downloaded compression-codecs v0.4.43
  Downloaded core-graphics-types v0.2.0
  Downloaded core-graphics2 v0.5.2
  Downloaded core-text v21.0.0
  Downloaded crossbeam-deque v0.8.8
  Downloaded crossbeam-epoch v0.9.21
  Downloaded crossbeam-utils v0.8.23
  Downloaded crypto-common v0.2.2
  Downloaded ctor v1.0.13
  Downloaded data-url v0.3.2
  Downloaded derive_more v2.1.1
  Downloaded digest v0.11.3
  Downloaded dirs v6.0.0
  Downloaded dirs-sys v0.4.1
  Downloaded displaydoc v0.2.7
  Downloaded libbz2-rs-sys v0.2.5
  Downloaded lyon_algorithms v1.0.21
  Downloaded lyon_path v1.0.19
  Downloaded memchr v2.8.3
  Downloaded miniz_oxide v0.8.9
  Downloaded nom v8.0.0
  Downloaded num-traits v0.2.19
  Downloaded objc2-cloud-kit v0.3.2
  Downloaded objc2-core-image v0.3.2
  Downloaded objc2-core-media v0.3.2
  Downloaded objc2-core-text v0.3.2
  Downloaded objc2-metal v0.2.2
  Downloaded smol_str v0.3.6
  Downloaded strum v0.28.0
  Downloaded synstructure v0.14.0
  Downloaded tinyvec v1.13.3
  Downloaded toml v0.8.23
  Downloaded toml v1.1.6+spec-1.1.0
  Downloaded version_check v0.9.5
  Downloaded weezl v0.1.12
  Downloaded writeable v0.6.4
  Downloaded xml5ever v0.18.1
  Downloaded equator v0.4.2
  Downloaded event-listener-strategy v0.5.4
  Downloaded fdeflate v0.3.7
  Downloaded fixedbitset v0.5.7
  Downloaded float-cmp v0.9.0
  Downloaded float-ord v0.3.2
  Downloaded base64 v0.23.1
  Downloaded borsh v1.8.1
  Downloaded bstr v1.13.1
  Downloaded cbindgen v0.28.0
  Downloaded chrono v0.4.45
  Downloaded derive_more-impl v2.1.1
  Downloaded lyon_tessellation v1.0.22
  Downloaded moxcms v0.8.1
  Downloaded objc2 v0.5.2
  Downloaded objc2-core-foundation v0.3.2
  Downloaded objc2-foundation v0.2.2
  Downloaded objc2-metal v0.3.2
  Downloaded smol v2.0.2
  Downloaded syn v3.0.6
  Downloaded winnow v0.7.15
  Downloaded winnow v1.0.4
  Downloaded enumn v0.1.14
  Downloaded equator-macro v0.4.2
  Downloaded equivalent v1.0.2
  Downloaded erased-serde v0.4.10
  Downloaded errno v0.3.14
  Downloaded etagere v0.2.15
  Downloaded euclid v0.22.14
  Downloaded event-listener v5.4.2
  Downloaded fastrand v2.5.0
  Downloaded fax v0.2.7
  Downloaded filetime v0.2.29
  Downloaded find-msvc-tools v0.1.13
  Downloaded flate2 v1.1.10
  Downloaded icu_provider v2.3.1
  Downloaded idna v1.1.0
  Downloaded idna_adapter v1.2.2
  Downloaded ignore v0.4.33
  Downloaded image v0.25.10
  Downloaded image-webp v0.2.4
  Downloaded imagesize v0.14.0
  Downloaded imgref v1.12.3
  Downloaded indexmap v2.14.2
  Downloaded paste v1.0.15
  Downloaded pastey v0.1.1
  Downloaded pathfinder_geometry v0.5.1
  Downloaded percent-encoding v2.3.2
  Downloaded proc-macro-crate v3.5.0
  Downloaded zmij v1.0.23
  Downloaded float_next_after v1.0.0
  Downloaded foreign-types-shared v0.3.1
  Downloaded form_urlencoded v1.2.2
  Downloaded futf v0.1.5
  Downloaded futures-macro v0.3.34
  Downloaded objc2-app-kit v0.2.2
  Downloaded objc2-foundation v0.3.2
  Downloaded object v0.37.3
  Downloaded unicode-width v0.2.2
  Downloaded exr v1.74.2
  Downloaded pathfinder_simd v0.5.6
  Downloaded phf v0.11.3
  Downloaded phf_codegen v0.11.3
  Downloaded phf_generator v0.11.3
  Downloaded phf_shared v0.11.3
  Downloaded pico-args v0.5.0
  Downloaded pin-project v1.1.13
  Downloaded pin-project-lite v0.2.17
  Downloaded piper v0.2.5
  Downloaded polling v3.11.0
  Downloaded pollster v0.2.5
  Downloaded pollster v0.4.0
  Downloaded polycool v0.4.0
  Downloaded potential_utf v0.1.6
  Downloaded ppv-lite86 v0.2.21
  Downloaded precomputed-hash v0.1.1
  Downloaded prettyplease v0.2.37
  Downloaded proc-macro2 v1.0.107
  Downloaded profiling v1.0.18
  Downloaded pulp-wasm-simd-flag v0.1.1
  Downloaded zerovec-derive v0.11.6
  Downloaded zlib-rs v0.6.8
  Downloaded zune-core v0.5.3
  Downloaded zune-inflate v0.2.54
  Downloaded zune-jpeg v0.5.15
  Downloaded either v1.18.0
  Downloaded embed-resource v3.0.11
  Downloaded encoding_rs_io v0.1.8
  Downloaded enum-iterator v2.3.0
  Downloaded enum-iterator-derive v1.5.0
  Downloaded fluent-uri v0.1.4
  Downloaded flume v0.12.0
  Downloaded foldhash v0.2.0
  Downloaded fontdb v0.23.0
  Downloaded foreign-types v0.5.0
  Downloaded foreign-types-macros v0.2.4
  Downloaded fsevent-sys v4.1.0
  Downloaded futures v0.3.34
  Downloaded futures-channel v0.3.34
  Downloaded futures-concurrency v7.7.1
  Downloaded futures-core v0.3.34
  Downloaded futures-executor v0.3.34
  Downloaded futures-io v0.3.34
  Downloaded futures-lite v2.6.1
  Downloaded futures-sink v0.3.34
  Downloaded futures-task v0.3.34
  Downloaded futures-util v0.3.34
  Downloaded getrandom v0.2.17
  Downloaded getrandom v0.3.4
  Downloaded html5ever v0.27.0
  Downloaded http-body v1.1.0
  Downloaded iana-time-zone v0.1.65
  Downloaded icu_normalizer_data v2.3.0
  Downloaded rand_chacha v0.3.1
  Downloaded rayon-core v1.13.0
  Downloaded objc2-app-kit v0.3.2
  Downloaded png v0.17.16
  Downloaded png v0.18.1
  Downloaded postage v0.5.0
  Downloaded pulp v0.22.3
  Downloaded qoi v0.4.1
  Downloaded gpui-pre-derive-refineable v0.3.6
  Downloaded gpui-pre-util v0.3.6
  Downloaded hash32 v0.3.1
  Downloaded heck v0.5.0
  Downloaded http v1.5.0
  Downloaded hybrid-array v0.4.15
  Downloaded icu_collections v2.3.0
  Downloaded icu_locale_core v2.3.0
  Downloaded icu_properties v2.3.0
  Downloaded icu_properties_data v2.3.0
  Downloaded quick-error v2.0.1
  Downloaded quote v1.0.47
  Downloaded rand v0.8.8
  Downloaded rand_chacha v0.9.0
  Downloaded rand_core v0.9.5
  Downloaded rand_core v0.10.1
  Downloaded ravif v0.13.0
  Downloaded raw-window-handle v0.6.2
  Downloaded rayon v1.12.0
  Downloaded reborrow v0.5.5
  Downloaded ref-cast v1.0.27
  Downloaded ref-cast-impl v1.0.27
  Downloaded regex v1.13.1
  Downloaded resvg v0.46.0
  Downloaded rgb v0.8.53
  Downloaded libc v0.2.189
  Downloaded pin-project-internal v1.1.13
  Downloaded profiling-procmacros v1.0.18
  Downloaded getrandom v0.4.3
  Downloaded gif v0.14.2
  Downloaded glob v0.3.4
  Downloaded globset v0.4.20
  Downloaded globwalk v0.8.1
  Downloaded gpui-pre-collections v0.3.6
  Downloaded gpui-pre-http-client v0.3.6
  Downloaded gpui-pre-macros v0.3.6
  Downloaded gpui-pre-perf v0.3.6
  Downloaded gpui-pre-platform v0.3.6
  Downloaded gpui-pre-refineable v0.3.6
  Downloaded gpui-pre-scheduler v0.3.6
  Downloaded gpui-pre-shared-string v0.3.6
  Downloaded gpui-pre-sum-tree v0.3.6
  Downloaded gpui-pre-util-macros v0.3.6
  Downloaded gpui-pre-zlog v0.3.6
  Downloaded gpui-pre-ztracing v0.3.6
  Downloaded gpui-pre-ztracing-macro v0.3.6
  Downloaded half v2.7.1
  Downloaded heapless v0.9.3
  Downloaded heck v0.4.1
  Downloaded icu_normalizer v2.3.0
  Downloaded rand_core v0.6.4
  Downloaded regex-syntax v0.8.11
  Downloaded gpui-pre-apple v0.3.6
  Downloaded gpui-pre-macos v0.3.6
  Downloaded hashbrown v0.16.1
  Downloaded hashbrown v0.17.1
  Downloaded regex-automata v0.4.18
  Downloaded roxmltree v0.21.1
  Downloaded rust-embed-impl v8.12.0
  Downloaded rust-embed-utils v8.12.0
  Downloaded rust-i18n v4.2.2
  Downloaded rust-i18n-macro v4.2.2
  Downloaded rust-i18n-support v4.2.2
  Downloaded rustc-demangle v0.1.28
  Downloaded rustc-hash v2.1.3
  Downloaded rustc_version v0.4.1
  Downloaded rustversion v1.0.23
  Downloaded ryu v1.0.23
  Downloaded same-file v1.0.6
  Downloaded schemars_derive v1.2.2
  Downloaded scopeguard v1.2.0
  Downloaded serde v1.0.229
  Downloaded serde_derive v1.0.229
  Downloaded serde_derive_internals v0.30.0
  Downloaded encoding_rs v0.8.42
  Downloaded gimli v0.32.3
  Downloaded granit-parser v1.3.0
  Downloaded rand v0.9.5
  Downloaded rav1e v0.8.1
  Downloaded ropey v2.0.0-beta.1
  Downloaded schemars v1.2.2
  Downloaded seahash v4.1.0
  Downloaded semver v1.0.28
  Downloaded serde-saphyr v1.3.0
  Downloaded serde_core v1.0.229
  Downloaded serde_fmt v1.1.0
  Downloaded serde_spanned v1.1.1
  Downloaded serde_urlencoded v0.7.1
  Downloaded sha1_smol v1.0.1
  Downloaded shellexpand v3.1.2
  Downloaded signal-hook-registry v1.4.8
  Downloaded simd_helpers v0.1.0
  Downloaded stable_deref_trait v1.2.1
  Downloaded string_cache_codegen v0.5.4
  Downloaded sval_ref v2.22.0
  Downloaded sval_serde v2.22.0
  Downloaded svg_fmt v0.4.5
  Downloaded thiserror v1.0.69
  Downloaded utf8_iter v1.0.4
  Downloaded serde_json v1.0.151
  Downloaded serde_repr v0.1.21
  Downloaded serde_spanned v0.6.9
  Downloaded sha2 v0.11.0
  Downloaded sharded-slab v0.1.7
  Downloaded shlex v1.3.0
  Downloaded shlex v2.0.1
  Downloaded simd-adler32 v0.3.10
  Downloaded simdutf8 v0.1.5
  Downloaded simplecss v0.2.2
  Downloaded siphasher v1.0.3
  Downloaded slab v0.4.12
  Downloaded slotmap v1.1.1
  Downloaded smallvec v1.16.1
  Downloaded spin v0.9.9
  Downloaded spin v0.10.1
  Downloaded static_assertions v1.1.0
  Downloaded str_indices v0.4.4
  Downloaded strict-num v0.1.1
  Downloaded string_cache v0.8.9
  Downloaded strum_macros v0.28.0
  Downloaded sval_buffer v2.22.0
  Downloaded sval_json v2.22.0
  Downloaded sval_nested v2.22.0
  Downloaded tempfile v3.27.0
  Downloaded thread_local v1.1.10
  Downloaded toml_parser v1.1.3+spec-1.1.0
  Downloaded toml_write v0.1.2
  Downloaded tracing-attributes v0.1.31
  Downloaded tracing-log v0.2.0
  Downloaded tracing-subscriber v0.3.23
  Downloaded unicode-bidi v0.3.18
  Downloaded unicode-ccc v0.4.0
  Downloaded unicode-id v0.3.7
  Downloaded pxfm v0.1.30
  Downloaded rustybuzz v0.20.1
  Downloaded sval v2.22.0
  Downloaded svgtypes v0.16.1
  Downloaded tendril v0.4.3
  Downloaded thiserror v2.0.21
  Downloaded thiserror-impl v1.0.69
  Downloaded tinystr v0.8.4
  Downloaded toml_writer v1.1.2+spec-1.1.0
  Downloaded typeid v1.0.3
  Downloaded unicode-bidi-mirroring v0.4.0
  Downloaded unicode-ident v1.0.26
  Downloaded unicode-properties v0.1.4
  Downloaded utf-8 v0.7.6
  Downloaded thiserror-impl v2.0.21
  Downloaded tiny-skia-path v0.11.4
  Downloaded triomphe v0.1.16
  Downloaded unicase v2.9.0
  Downloaded unicode-script v0.5.8
  Downloaded v_frame v0.3.9
  Downloaded value-bag-serde1 v1.14.1
  Downloaded rustix v1.1.5
  Downloaded toml_edit v0.25.15+spec-1.1.0
  Downloaded tracing-core v0.1.36
  Downloaded url v2.5.8
  Downloaded syn v2.0.119
  Downloaded toml_edit v0.22.27
  Downloaded walkdir v2.5.0
  Downloaded wasm-bindgen-macro-support v0.2.128
  Downloaded tiff v0.11.3
  Downloaded typenum v1.20.1
  Downloaded uuid v1.26.1
  Downloaded value-bag v1.14.1
  Downloaded value-bag-sval2 v1.14.1
  Downloaded waker-fn v1.2.0
  Downloaded wasm-bindgen-macro v0.2.128
  Downloaded web-time v1.1.0
  Downloaded zerofrom v0.1.8
  Downloaded zerofrom-derive v0.1.8
  Downloaded wasm-bindgen-shared v0.2.128
  Downloaded yoke-derive v0.8.3
  Downloaded unicode-segmentation v1.13.3
  Downloaded usvg v0.46.0
  Downloaded wasm-bindgen v0.2.128
  Downloaded yoke v0.8.3
  Downloaded zed-font-kit v0.14.1-zed
  Downloaded ttf-parser v0.25.1
  Downloaded zerotrie v0.2.5
  Downloaded tiny-skia v0.11.4
  Downloaded tracing v0.1.44
  Downloaded zerovec v0.11.8
  Downloaded zerocopy-derive v0.8.58
  Downloaded zerocopy v0.8.58
  Downloaded rust-embed v8.12.0
  Downloaded metal v0.33.0
  Downloaded gpui-pre v0.3.6
  Downloaded aho-corasick v1.1.5
   Compiling proc-macro2 v1.0.107
   Compiling unicode-ident v1.0.26
   Compiling quote v1.0.47
   Compiling libc v0.2.189
   Compiling cfg-if v1.0.5
   Compiling typeid v1.0.3
   Compiling syn v3.0.6
   Compiling erased-serde v0.4.10
   Compiling syn v2.0.119
   Compiling serde_core v1.0.229
   Compiling bitflags v2.13.2
   Compiling memchr v2.8.3
   Compiling autocfg v1.5.1
   Compiling serde_derive v1.0.229
   Compiling serde_fmt v1.1.0
   Compiling value-bag-serde1 v1.14.1
   Compiling value-bag v1.14.1
   Compiling log v0.4.34
   Compiling equivalent v1.0.2
   Compiling smallvec v1.16.1
   Compiling hashbrown v0.17.1
   Compiling libm v0.2.16
   Compiling pin-project-lite v0.2.17
   Compiling stable_deref_trait v1.2.1
   Compiling crossbeam-utils v0.8.23
   Compiling serde v1.0.229
   Compiling objc2-encode v4.1.0
   Compiling num-traits v0.2.19
   Compiling futures-core v0.3.34
   Compiling siphasher v1.0.3
   Compiling scopeguard v1.2.0
   Compiling aho-corasick v1.1.5
   Compiling simd-adler32 v0.3.10
   Compiling objc2 v0.6.4
   Compiling futures-io v0.3.34
   Compiling regex-syntax v0.8.11
   Compiling regex-automata v0.4.18
   Compiling synstructure v0.14.0
   Compiling crossbeam-epoch v0.9.21
   Compiling core-foundation-sys v0.8.7
   Compiling itoa v1.0.18
   Compiling zmij v1.0.23
   Compiling indexmap v2.14.2
   Compiling adler2 v2.0.1
   Compiling zerofrom-derive v0.1.8
   Compiling crossbeam-deque v0.8.8
   Compiling yoke-derive v0.8.3
   Compiling zerofrom v0.1.8
   Compiling same-file v1.0.6
   Compiling parking v2.2.1
   Compiling walkdir v2.5.0
   Compiling yoke v0.8.3
   Compiling objc2-core-foundation v0.3.2
   Compiling fastrand v2.5.0
   Compiling crc32fast v1.5.2
   Compiling either v1.18.0
   Compiling lock_api v0.4.14
   Compiling zerovec-derive v0.11.6
   Compiling slab v0.4.12
   Compiling anyhow v1.0.104
   Compiling arrayvec v0.7.8
   Compiling version_check v0.9.5
   Compiling zerovec v0.11.8
   Compiling miniz_oxide v0.9.1
   Compiling displaydoc v0.2.7
   Compiling bytemuck v1.25.2
   Compiling parking_lot_core v0.9.12
   Compiling bitflags v1.3.2
   Compiling flate2 v1.1.10
   Compiling core-foundation v0.10.1
   Compiling zerocopy v0.8.58
   Compiling getrandom v0.4.3
   Compiling rustc-hash v2.1.3
   Compiling serde_json v1.0.151
   Compiling futures-lite v2.6.1
   Compiling concurrent-queue v2.5.0
   Compiling zerocopy-derive v0.8.58
   Compiling winnow v1.0.4
   Compiling glob v0.3.4
   Compiling semver v1.0.28
   Compiling rustc_version v0.4.1
   Compiling toml_parser v1.1.3+spec-1.1.0
   Compiling parking_lot v0.12.5
   Compiling tinystr v0.8.4
   Compiling event-listener v5.4.2
   Compiling miniz_oxide v0.8.9
   Compiling toml_datetime v1.1.1+spec-1.1.0
   Compiling bstr v1.13.1
   Compiling writeable v0.6.4
   Compiling rustversion v1.0.23
   Compiling futures-sink v0.3.34
   Compiling option-ext v0.2.0
   Compiling litemap v0.8.3
   Compiling icu_locale_core v2.3.0
   Compiling event-listener-strategy v0.5.4
   Compiling core-graphics-types v0.2.0
   Compiling zerotrie v0.2.5
   Compiling potential_utf v0.1.6
   Compiling block2 v0.6.2
   Compiling foreign-types-macros v0.2.4
   Compiling foreign-types-shared v0.3.1
   Compiling icu_properties_data v2.3.0
   Compiling paste v1.0.15
   Compiling icu_normalizer_data v2.3.0
   Compiling utf8_iter v1.0.4
   Compiling icu_collections v2.3.0
   Compiling foreign-types v0.5.0
   Compiling icu_provider v2.3.1
   Compiling futures-channel v0.3.34
   Compiling clang-sys v1.9.1
   Compiling slotmap v1.1.1
   Compiling regex v1.13.1
   Compiling euclid v0.22.14
   Compiling phf_shared v0.11.3
   Compiling futures-macro v0.3.34
   Compiling rayon-core v1.13.0
   Compiling futures-task v0.3.34
   Compiling async-task v4.7.1
   Compiling once_cell v1.21.4
   Compiling prettyplease v0.2.37
   Compiling getrandom v0.3.4
   Compiling tracing-core v0.1.36
   Compiling futures-util v0.3.34
   Compiling objc2-foundation v0.3.2
   Compiling globset v0.4.20
   Compiling toml_datetime v0.6.11
   Compiling serde_spanned v0.6.9
   Compiling iana-time-zone v0.1.65
   Compiling fdeflate v0.3.7
   Compiling core_maths v0.1.1
   Compiling malloc_buf v0.0.6
   Compiling float-cmp v0.9.0
   Compiling rand_core v0.6.4
   Compiling block v0.1.6
   Compiling toml_write v0.1.2
   Compiling minimal-lexical v0.2.1
   Compiling lazy_static v1.5.0
   Compiling winnow v0.7.15
   Compiling toml_edit v0.22.27
   Compiling nom v7.1.3
   Compiling rand v0.8.8
   Compiling strict-num v0.1.1
   Compiling objc v0.2.7
   Compiling ttf-parser v0.25.1
   Compiling chrono v0.4.45
   Compiling futures-executor v0.3.34
   Compiling icu_normalizer v2.3.0
   Compiling icu_properties v2.3.0
   Compiling lyon_geom v1.0.19
   Compiling async-channel v2.5.0
   Compiling pathfinder_simd v0.5.6
   Compiling gpui-pre-util v0.3.6
   Compiling pulp v0.22.3
   Compiling polycool v0.4.0
   Compiling serde_spanned v1.1.1
   Compiling libloading v0.8.9
   Compiling byteorder v1.5.0
   Compiling weezl v0.1.12
   Compiling shlex v2.0.1
   Compiling zune-core v0.5.3
   Compiling arrayref v0.3.9
   Compiling object v0.37.3
   Compiling quick-error v2.0.1
   Compiling bindgen v0.72.1
   Compiling unicode-segmentation v1.13.3
   Compiling toml_writer v1.1.2+spec-1.1.0
   Compiling sha1_smol v1.0.1
   Compiling percent-encoding v2.3.2
   Compiling typenum v1.20.1
   Compiling find-msvc-tools v0.1.13
   Compiling ref-cast v1.0.27
   Compiling libbz2-rs-sys v0.2.5
   Compiling hybrid-array v0.4.15
   Compiling bzip2 v0.6.1
   Compiling cc v1.4.7
   Compiling form_urlencoded v1.2.2
   Compiling uuid v1.26.1
   Compiling toml v1.1.6+spec-1.1.0
   Compiling convert_case v0.10.0
   Compiling zune-jpeg v0.5.15
   Compiling tiny-skia-path v0.11.4
   Compiling kurbo v0.13.1
   Compiling gpui-pre-collections v0.3.6
   Compiling lyon_path v1.0.19
   Compiling rand_core v0.9.5
   Compiling idna_adapter v1.2.2
   Compiling futures v0.3.34
   Compiling phf_generator v0.11.3
   Compiling cexpr v0.6.0
   Compiling toml v0.8.23
   Compiling sharded-slab v0.1.7
   Compiling tracing-log v0.2.0
   Compiling core-graphics v0.24.0
   Compiling toml_edit v0.25.15+spec-1.1.0
   Compiling ppv-lite86 v0.2.21
   Compiling half v2.7.1
   Compiling num-complex v0.4.6
   Compiling objc2-core-video v0.3.2
   Compiling itertools v0.13.0
   Compiling tracing-attributes v0.1.31
   Compiling enumn v0.1.14
   Compiling pin-project-internal v1.1.13
   Compiling ref-cast-impl v1.0.27
   Compiling serde_derive_internals v0.30.0
   Compiling thread_local v1.1.10
   Compiling memmap2 v0.9.11
   Compiling errno v0.3.14
   Compiling reborrow v0.5.5
   Compiling color_quant v1.1.0
   Compiling nu-ansi-term v0.50.3
   Compiling pulp-wasm-simd-flag v0.1.1
   Compiling bytes v1.12.1
   Compiling unicode-xid v0.2.6
   Compiling heck v0.5.0
   Compiling unicode-ccc v0.4.0
   Compiling gpui-pre-ztracing v0.3.6
   Compiling unicode-bidi-mirroring v0.4.0
   Compiling shlex v1.3.0
   Compiling leak v0.1.2
   Compiling rustix v1.1.5
   Compiling gimli v0.32.3
   Compiling unicode-script v0.5.8
   Compiling heapless v0.9.3
   Compiling compression-core v0.4.33
   Compiling byteorder-lite v0.1.0
   Compiling thiserror v1.0.69
   Compiling tinyvec v1.13.3
   Compiling unicode-properties v0.1.4
   Compiling rustybuzz v0.20.1
   Compiling addr2line v0.25.1
   Compiling fontdb v0.23.0
   Compiling image-webp v0.2.4
   Compiling compression-codecs v0.4.43
   Compiling leaky-cow v0.1.1
   Compiling http v1.5.0
   Compiling derive_more-impl v2.1.1
   Compiling tracing-subscriber v0.3.23
   Compiling gif v0.14.2
   Compiling schemars_derive v1.2.2
   Compiling pin-project v1.1.13
   Compiling tracing v0.1.44
   Compiling accesskit v0.24.1
   Compiling rand_chacha v0.9.0
   Compiling proc-macro-crate v3.5.0
   Compiling idna v1.1.0
   Compiling gpui-pre-zlog v0.3.6
   Compiling svgtypes v0.16.1
   Compiling embed-resource v3.0.11
   Compiling hash32 v0.3.1
   Compiling rayon v1.12.0
   Compiling png v0.17.16
   Compiling dirs-sys v0.4.1
   Compiling spin v0.9.9
   Compiling zune-inflate v0.2.54
   Compiling simplecss v0.2.2
   Compiling roxmltree v0.21.1
   Compiling thiserror-impl v1.0.69
   Compiling cgl v0.3.2
   Compiling pxfm v0.1.30
   Compiling unicode-bidi v0.3.18
   Compiling new_debug_unreachable v1.0.6
   Compiling unicode-vo v0.1.0
   Compiling thiserror v2.0.21
   Compiling base64 v0.22.1
   Compiling zed-font-kit v0.14.1-zed
   Compiling dyn-clone v1.0.20
   Compiling data-url v0.3.2
   Compiling lebe v0.5.3
   Compiling float_next_after v1.0.0
   Compiling gpui-pre-ztracing-macro v0.3.6
   Compiling fax v0.2.7
   Compiling imagesize v0.14.0
   Compiling rustc-demangle v0.1.28
   Compiling ryu v1.0.23
   Compiling pico-args v0.5.0
   Compiling bit_field v0.10.3
   Compiling xmlwriter v0.1.0
   Compiling exr v1.74.2
   Compiling usvg v0.46.0
   Compiling serde_urlencoded v0.7.1
   Compiling backtrace v0.3.76
   Compiling tiff v0.11.3
   Compiling lyon_tessellation v1.0.22
   Compiling moxcms v0.8.1
   Compiling schemars v1.2.2
   Compiling io-surface v0.16.1
   Compiling flume v0.12.0
   Compiling dirs v5.0.1
   Compiling tiny-skia v0.11.4
   Compiling gpui-pre v0.3.6
   Compiling pathfinder_geometry v0.5.1
   Compiling url v2.5.8
   Compiling rand v0.9.5
   Compiling gpui-pre-perf v0.3.6
   Compiling derive_more v2.1.1
   Compiling http-body v1.1.0
   Compiling async-compression v0.4.48
   Compiling strum_macros v0.28.0
   Compiling core-text v21.0.0
   Compiling string_cache_codegen v0.5.4
   Compiling phf_codegen v0.11.3
   Compiling lyon_algorithms v1.0.21
   Compiling crypto-common v0.2.2
   Compiling block-buffer v0.12.1
   Compiling metal v0.33.0
   Compiling core-graphics2 v0.5.2
   Compiling png v0.18.1
   Compiling encoding_rs v0.8.42
   Compiling qoi v0.4.1
   Compiling rgb v0.8.53
   Compiling crossbeam-queue v0.3.14
   Compiling async-io v2.6.0
   Compiling profiling-procmacros v1.0.18
   Compiling gpui-pre-derive-refineable v0.3.6
   Compiling thiserror-impl v2.0.21
   Compiling svg_fmt v0.4.5
   Compiling web-time v1.1.0
   Compiling const-oid v0.10.2
   Compiling link-section v0.19.3
   Compiling objc-sys v0.3.5
   Compiling pollster v0.2.5
   Compiling smol_str v0.3.6
   Compiling static_assertions v1.1.0
   Compiling fixedbitset v0.5.7
   Compiling atomic v0.5.3
   Compiling float-ord v0.3.2
   Compiling linktime-proc-macro v0.2.3
   Compiling mac v0.1.1
   Compiling futf v0.1.5
   Compiling ctor v1.0.13
   Compiling postage v0.5.0
   Compiling futures-concurrency v7.7.1
   Compiling gpui-pre-shared-string v0.3.6
   Compiling digest v0.11.3
   Compiling gpui-pre-scheduler v0.3.6
   Compiling etagere v0.2.15
   Compiling gpui-pre-refineable v0.3.6
   Compiling profiling v1.0.18
   Compiling core-video v0.5.2
   Compiling resvg v0.46.0
   Compiling image v0.25.10
   Compiling lyon v1.0.19
   Compiling markup5ever v0.12.1
   Compiling strum v0.28.0
   Compiling polling v3.11.0
   Compiling gpui-pre-http-client v0.3.6
   Compiling gpui-pre-util-macros v0.3.6
   Compiling ignore v0.4.33
   Compiling gpui-pre-sum-tree v0.3.6
   Compiling gpui-pre-macros v0.3.6
   Compiling taffy v0.13.0
   Compiling arc-swap v1.9.2
   Compiling spin v0.10.1
   Compiling itertools v0.14.0
   Compiling num_cpus v1.17.0
   Compiling cpufeatures v0.3.1
   Compiling cbindgen v0.28.0
   Compiling precomputed-hash v0.1.1
   Compiling seahash v4.1.0
   Compiling waker-fn v1.2.0
   Compiling multiversion_no_op v1.0.0
   Compiling atomic-waker v1.1.2
   Compiling pollster v0.4.0
   Compiling utf-8 v0.7.6
   Compiling simdutf8 v0.1.5
   Compiling unicase v2.9.0
   Compiling inventory v0.3.24
   Compiling raw-window-handle v0.6.2
   Compiling mime_guess v2.0.5
   Compiling tendril v0.4.3
   Compiling tempfile v3.27.0
   Compiling piper v0.2.5
   Compiling string_cache v0.8.9
   Compiling sha2 v0.11.0
   Compiling globwalk v0.8.1
   Compiling phf v0.11.3
   Compiling dirs-sys v0.5.0
   Compiling objc2-core-graphics v0.3.2
   Compiling anstyle v1.0.14
   Compiling arraydeque v0.5.1
   Compiling unicode-width v0.2.2
   Compiling heck v0.4.1
   Compiling granit-parser v1.3.0
   Compiling annotate-snippets v0.12.16
   Compiling dirs v6.0.0
   Compiling objc2 v0.5.2
   Compiling blocking v1.7.0
   Compiling encoding_rs_io v0.1.8
   Compiling signal-hook-registry v1.4.8
   Compiling objc2-cloud-kit v0.3.2
   Compiling objc2-core-data v0.3.2
   Compiling objc2-quartz-core v0.3.2
   Compiling objc2-core-image v0.3.2
   Compiling async-lock v3.4.2
   Compiling objc2-core-text v0.3.2
   Compiling html5ever v0.27.0
   Compiling base62 v2.2.6
   Compiling base64 v0.23.1
   Compiling nohash-hasher v0.2.0
   Compiling foldhash v0.2.0
   Compiling mime v0.3.17
   Compiling hashbrown v0.16.1
   Compiling serde-saphyr v1.3.0
   Compiling objc2-app-kit v0.3.2
   Compiling async-signal v0.2.14
   Compiling objc2-foundation v0.2.2
   Compiling shellexpand v3.1.2
   Compiling gpui-pre-apple v0.3.6
   Compiling rust-embed-utils v8.12.0
   Compiling triomphe v0.1.16
   Compiling cocoa-foundation v0.2.1
   Compiling itertools v0.11.0
   Compiling instant v0.1.13
   Compiling normpath v1.5.2
   Compiling gpui-kit-assets v0.6.5 (https://github.com/longbridge/gpui-kit?rev=21622a70efd25219d26aa459164878c4da9e39f8#21622a70)
   Compiling rust-i18n-support v4.2.2
   Compiling cocoa v0.26.1
   Compiling rust-embed-impl v8.12.0
   Compiling objc2-app-kit v0.2.2
   Compiling async-process v2.5.0
   Compiling accesskit_consumer v0.38.0
   Compiling async-fs v2.2.0
   Compiling async-net v2.0.0
   Compiling xml5ever v0.18.1
   Compiling rust-i18n v4.2.2
   Compiling objc2-core-media v0.3.2
   Compiling objc2-core-location v0.3.2
   Compiling async-executor v1.14.0
   Compiling dispatch2 v0.3.1
   Compiling fluent-uri v0.1.4
   Compiling serde_repr v0.1.21
   Compiling unicode-id v0.3.7
   Compiling str_indices v0.4.4
   Compiling ropey v2.0.0-beta.1
   Compiling markdown v1.0.0
   Compiling lsp-types v0.97.0
   Compiling objc2-screen-capture-kit v0.3.2
   Compiling smol v2.0.2
   Compiling objc2-user-notifications v0.3.2
   Compiling markup5ever_rcdom v0.3.0
   Compiling accesskit_macos v0.26.3
   Compiling rust-embed v8.12.0
   Compiling rust-i18n-macro v4.2.2
   Compiling notify-types v1.0.1
   Compiling enum-iterator-derive v1.5.0
   Compiling filetime v0.2.29
   Compiling mach2 v0.5.0
   Compiling fsevent-sys v4.1.0
   Compiling gpui-component v0.6.5 (https://github.com/longbridge/gpui-kit?rev=21622a70efd25219d26aa459164878c4da9e39f8#21622a70)
   Compiling enum-iterator v2.3.0
   Compiling notify v7.0.0
   Compiling gpui-pre-macos v0.3.6
   Compiling gpui-base v0.6.5 (https://github.com/longbridge/gpui-kit?rev=21622a70efd25219d26aa459164878c4da9e39f8#21622a70)
   Compiling gpui-component-macros v0.6.5 (https://github.com/longbridge/gpui-kit?rev=21622a70efd25219d26aa459164878c4da9e39f8#21622a70)
   Compiling gpui-pre-platform v0.3.6
   Compiling gpuidart-platform-probe v0.0.0 (/Users/runner/work/gpuidart/gpuidart/tool/platform_probe/native)
   Compiling gpui-kit v0.6.5 (https://github.com/longbridge/gpui-kit?rev=21622a70efd25219d26aa459164878c4da9e39f8#21622a70)
    Finished `dev` profile [unoptimized] target(s) in 3m 46s
warning: the following packages contain code that will be rejected by a future version of Rust: block v0.1.6
note: to see what the problems were, use the option `--future-incompat-report`, or run `cargo report future-incompatibilities --id 1`
