00:00 +0: loading test\action_test.dart
00:00 +0: test\action_test.dart: action serializes to the wire shape
00:00 +1: test\action_test.dart: action validates nonempty name, keys and context ID
00:00 +2: loading test\dev_session_test.dart
00:00 +2: test\dev_session_test.dart: service discovery waits through empty and partial JSON writes
00:00 +3: test\dev_session_test.dart: service discovery reports early process exit
00:00 +4: test\dev_session_test.dart: service discovery stops waiting for an incomplete file at its deadline
00:00 +5: loading test\format_test.dart
00:00 +5: test\format_test.dart: column format serializes to the wire shape
00:00 +6: test\format_test.dart: column format validates decimals and rule counts
00:00 +7: test\format_test.dart: datasets validate format column indices against their width
00:00 +8: loading test\host_fault_test.dart
00:00 +8: test\host_fault_test.dart: (setUpAll)
00:00 +8: test\host_fault_test.dart: missing ready acknowledgement closes and releases startup
00:01 +9: test\host_fault_test.dart: malformed event fails all pending requests and closes the host
00:01 +10: test\host_fault_test.dart: drop_snapshot reports a deadline and stops further transactions
00:02 +11: test\host_fault_test.dart: drop_dataset reports a deadline and stops further transactions
00:02 +12: test\host_fault_test.dart: drop_diagnostic reports a deadline and stops further transactions
00:03 +13: test\host_fault_test.dart: mismatched dataset acknowledgement never commits Dart state
00:03 +14: test\host_fault_test.dart: native failure after ready preserves the error while draining closed
00:03 +15: test\host_fault_test.dart: caught panic during snapshot submission closes the host
00:03 +16: test\host_fault_test.dart: caught panic during dataset submission closes the host
00:03 +17: test\host_fault_test.dart: caught panic during diagnostic submission closes the host
00:03 +18: test\host_fault_test.dart: runner exit without closed has a bounded failure
00:03 +19: test\host_fault_test.dart: shutdown deadline retains memory until the native loop returns
00:04 +20: test\host_fault_test.dart: (tearDownAll)
00:04 +20: loading test\model_test.dart
00:04 +20: test\model_test.dart: dataset snapshots caller-owned lists and rejects invalid schemas
00:04 +21: test\model_test.dart: snapshot encoding retains table references without publishing records
00:04 +22: test\model_test.dart: window rejects invalid dimensions before FFI
00:04 +23: loading test\native_event_test.dart
00:04 +23: test\native_event_test.dart: rejects invalid UTF-8, JSON, envelopes and required field types
00:04 +24: test\native_event_test.dart: preserves Unicode and tracing fields; decoded events are immutable
00:04 +25: loading test\style_test.dart
00:04 +25: test\style_test.dart: nodes omit the style key when no style is set
00:04 +26: test\style_test.dart: style serializes to the wire shape
00:04 +27: test\style_test.dart: style rides along on every node kind
00:04 +28: test\style_test.dart: hex colors validate format eagerly
00:04 +29: test\style_test.dart: token enum covers exactly the documented wire names
00:04 +30: test\style_test.dart: padding must list four edges
00:04 +31: loading test\table_view_test.dart
00:04 +31: test\table_view_test.dart: table view serializes to the wire shape and omits empty lists
00:04 +32: test\table_view_test.dart: table view validates term counts and column indices
00:04 +33: test\table_view_test.dart: dataset record IDs validate eagerly and read back by row
00:04 +34: loading test\tracing_test.dart
00:05 +34: test\tracing_test.dart: application spans are bounded and preserve exceptions
00:05 +35: test\tracing_test.dart: tracing needs optional exports and cannot reuse a host attempt
00:05 +36: loading test\windows_preparation_test.dart
00:05 +36: test\windows_preparation_test.dart: Sandbox preparation uses the case-sensitive vGPU element
> powershell.exe -NoProfile -File tool/prepare_windows_release_checks.ps1 -Zip D:\Dev\gpuidart\.cache\sandbox-preparation-17f94e54/empty.zip -VGpu Enable
> powershell.exe -NoProfile -File tool/prepare_windows_release_checks.ps1 -Zip D:\Dev\gpuidart\.cache\sandbox-preparation-17f94e54/empty.zip -VGpu Disable
00:07 +37: All tests passed!
