    Updating crates.io index
    Updating git repository `https://github.com/longbridge/gpui-kit`
 Downloading crates ...
  Downloaded no_std_io2 v0.9.4
  Downloaded nohash-hasher v0.2.0
  Downloaded noop_proc_macro v0.3.0
  Downloaded multiversion_no_op v1.0.0
  Downloaded new_debug_unreachable v1.0.6
  Downloaded tracing-attributes v0.1.31
  Downloaded num v0.4.3
  Downloaded miniz_oxide v0.9.1
  Downloaded notify-types v1.0.1
  Downloaded num-derive v0.4.2
  Downloaded pathfinder_geometry v0.5.1
  Downloaded num_cpus v1.17.0
  Downloaded mime_guess v2.0.5
  Downloaded normpath v1.5.2
  Downloaded potential_utf v0.1.6
  Downloaded percent-encoding v2.3.2
  Downloaded ordered-stream v0.2.0
  Downloaded toml_write v0.1.2
  Downloaded pico-args v0.5.0
  Downloaded pollster v0.4.0
  Downloaded phf_generator v0.13.1
  Downloaded piper v0.2.5
  Downloaded rand_chacha v0.3.1
  Downloaded toml_edit v0.22.27
  Downloaded num-integer v0.1.47
  Downloaded toml_parser v1.1.3+spec-1.1.0
  Downloaded toml_writer v1.1.2+spec-1.1.0
  Downloaded tracing-log v0.2.0
  Downloaded accesskit v0.24.1
  Downloaded pbkdf2 v0.12.2
  Downloaded num-iter v0.1.46
  Downloaded phf_shared v0.13.1
  Downloaded profiling-procmacros v1.0.18
  Downloaded ref-cast-impl v1.0.27
  Downloaded option-ext v0.2.0
  Downloaded phf_generator v0.11.3
  Downloaded notify v7.0.0
  Downloaded phf_codegen v0.11.3
  Downloaded pulp-wasm-simd-flag v0.1.1
  Downloaded parking v2.2.1
  Downloaded parking_lot_core v0.9.12
  Downloaded paste v1.0.15
  Downloaded phf v0.11.3
  Downloaded presser v0.3.1
  Downloaded tracing-core v0.1.36
  Downloaded toml_edit v0.25.15+spec-1.1.0
  Downloaded num-rational v0.4.2
  Downloaded pathfinder_simd v0.5.6
  Downloaded unicode-bidi-mirroring v0.4.0
  Downloaded num-complex v0.4.6
  Downloaded phf_shared v0.11.3
  Downloaded pollster v0.2.5
  Downloaded proc-macro-crate v3.5.0
  Downloaded unicode-xid v0.2.6
  Downloaded precomputed-hash v0.1.1
  Downloaded profiling v1.0.18
  Downloaded unicode-vo v0.1.0
  Downloaded aligned v0.4.3
  Downloaded reborrow v0.5.5
  Downloaded gpui-pre-collections v0.3.6
  Downloaded ordered-float v5.5.0
  Downloaded typeid v1.0.3
  Downloaded nu-ansi-term v0.50.3
  Downloaded anstyle v1.0.14
  Downloaded arrayref v0.3.9
  Downloaded unicode-linebreak v0.1.5
  Downloaded arg_enum_proc_macro v0.3.4
  Downloaded once_cell v1.21.4
  Downloaded pastey v0.1.1
  Downloaded phf v0.13.1
  Downloaded pkg-config v0.3.34
  Downloaded polycool v0.4.0
  Downloaded quote v1.0.47
  Downloaded gpui-pre-util-macros v0.3.6
  Downloaded gpui-pre-ztracing-macro v0.3.6
  Downloaded notify-rust v4.18.0
  Downloaded num-traits v0.2.19
  Downloaded open v5.4.4
  Downloaded pin-project-internal v1.1.13
  Downloaded ppv-lite86 v0.2.21
  Downloaded quick-error v2.0.1
  Downloaded rand_chacha v0.9.0
  Downloaded rand_core v0.6.4
  Downloaded rand_core v0.10.1
  Downloaded ravif v0.13.0
  Downloaded raw-window-handle v0.6.2
  Downloaded ref-cast v1.0.27
  Downloaded toml v0.8.23
  Downloaded block-buffer v0.10.4
  Downloaded byteorder-lite v0.1.0
  Downloaded glob v0.3.4
  Downloaded globset v0.4.20
  Downloaded gpui-pre-macros v0.3.6
  Downloaded hexf-parse v0.2.1
  Downloaded parking_lot v0.12.5
  Downloaded anyhow v1.0.104
  Downloaded async-recursion v1.1.1
  Downloaded miniz_oxide v0.8.9
  Downloaded unicode-ccc v0.4.0
  Downloaded block-padding v0.3.3
  Downloaded rand_core v0.9.5
  Downloaded phf_macros v0.13.1
  Downloaded pin-project-lite v0.2.17
  Downloaded adler2 v2.0.1
  Downloaded calloop-wayland-source v0.4.1
  Downloaded imagesize v0.14.0
  Downloaded inotify-sys v0.1.8
  Downloaded mio v1.2.3
  Downloaded pin-project v1.1.13
  Downloaded proc-macro2 v1.0.107
  Downloaded async-net v2.0.0
  Downloaded byteorder v1.5.0
  Downloaded oo7 v0.6.0
  Downloaded polling v3.11.0
  Downloaded rangemap v1.8.0
  Downloaded rayon-core v1.13.0
  Downloaded unicase v2.9.0
  Downloaded async-fs v2.2.0
  Downloaded libloading v0.8.9
  Downloaded as-raw-xcb-connection v1.0.1
  Downloaded version_check v0.9.5
  Downloaded wasm-bindgen-macro v0.2.128
  Downloaded x11-clipboard v0.9.3
  Downloaded xmlwriter v0.1.0
  Downloaded y4m v0.8.0
  Downloaded num-bigint v0.4.8
  Downloaded qoi v0.4.1
  Downloaded rand v0.8.8
  Downloaded rand v0.9.5
  Downloaded unicode-id v0.3.7
  Downloaded as-slice v0.2.1
  Downloaded async-executor v1.14.0
  Downloaded atomic v0.5.3
  Downloaded atomic-waker v1.1.2
  Downloaded bit-vec v0.9.1
  Downloaded bit_field v0.10.3
  Downloaded block-buffer v0.12.1
  Downloaded http v1.5.0
  Downloaded icu_collections v2.3.0
  Downloaded icu_normalizer_data v2.3.0
  Downloaded inventory v0.3.24
  Downloaded linebender_resource_handle v0.1.1
  Downloaded lsp-types v0.97.0
  Downloaded md-5 v0.10.6
  Downloaded v_frame v0.3.9
  Downloaded wasm-bindgen-shared v0.2.128
  Downloaded yazi v0.2.1
  Downloaded yeslogic-fontconfig-sys v6.0.1
  Downloaded yoke v0.8.3
  Downloaded nom v8.0.0
  Downloaded png v0.17.16
  Downloaded raw-cpuid v11.6.0
  Downloaded rust-embed-utils v8.12.0
  Downloaded rustc-hash v1.1.0
  Downloaded rustc-hash v2.1.3
  Downloaded triomphe v0.1.16
  Downloaded accesskit_unix v0.22.1
  Downloaded addr2line v0.25.1
  Downloaded aligned-vec v0.6.4
  Downloaded async-channel v2.5.0
  Downloaded atspi v0.29.0
  Downloaded autocfg v1.5.1
  Downloaded blocking v1.7.0
  Downloaded built v0.8.1
  Downloaded allocator-api2 v0.2.21
  Downloaded weezl v0.1.12
  Downloaded yoke-derive v0.8.3
  Downloaded num-bigint-dig v0.9.1
  Downloaded png v0.18.1
  Downloaded rustc-demangle v0.1.28
  Downloaded schemars_derive v1.2.2
  Downloaded serde_fmt v1.1.0
  Downloaded simd_helpers v0.1.0
  Downloaded accesskit_atspi_common v0.19.1
  Downloaded arraydeque v0.5.1
  Downloaded async-broadcast v0.7.2
  Downloaded async-signal v0.2.14
  Downloaded async-trait v0.1.92
  Downloaded atspi-proxies v0.13.0
  Downloaded avif-serialize v0.8.9
  Downloaded base62 v2.2.6
  Downloaded bit-set v0.9.1
  Downloaded bitstream-io v4.10.0
  Downloaded bytemuck_derive v1.12.1
  Downloaded gpui-pre-scheduler v0.3.6
  Downloaded hashbrown v0.17.1
  Downloaded icu_properties v2.3.0
  Downloaded itertools v0.13.0
  Downloaded wasm-bindgen v0.2.128
  Downloaded wasm-bindgen-macro-support v0.2.128
  Downloaded zmij v1.0.23
  Downloaded zune-jpeg v0.5.15
  Downloaded zvariant v5.15.0
  Downloaded moxcms v0.8.1
  Downloaded pulp v0.22.3
  Downloaded rayon v1.12.0
  Downloaded regex v1.13.1
  Downloaded schemars v1.2.2
  Downloaded scoped-tls v1.0.1
  Downloaded serde_repr v0.1.21
  Downloaded simdutf8 v0.1.5
  Downloaded spin v0.10.1
  Downloaded sval_dynamic v2.22.0
  Downloaded unicode-ident v1.0.26
  Downloaded unicode-properties v0.1.4
  Downloaded unicode-script v0.5.8
  Downloaded accesskit_consumer v0.38.0
  Downloaded ahash v0.8.12
  Downloaded arrayvec v0.7.8
  Downloaded async-lock v3.4.2
  Downloaded async-task v4.7.1
  Downloaded bitflags v1.3.2
  Downloaded borsh v1.8.1
  Downloaded bzip2 v0.6.1
  Downloaded cbc v0.1.2
  Downloaded cfg_aliases v0.2.2
  Downloaded itertools v0.14.0
  Downloaded libm v0.2.16
  Downloaded markup5ever v0.12.1
  Downloaded smallvec v1.16.1
  Downloaded static_assertions v1.1.0
  Downloaded str_indices v0.4.4
  Downloaded synstructure v0.14.0
  Downloaded sys-locale v0.3.2
  Downloaded tinystr v0.8.4
  Downloaded toml_datetime v0.6.11
  Downloaded async-io v2.6.0
  Downloaded av1-grain v0.2.5
  Downloaded bitflags v2.13.2
  Downloaded cipher v0.4.4
  Downloaded equator-macro v0.4.2
  Downloaded generic-array v0.14.7
  Downloaded granit-parser v1.3.0
  Downloaded winnow v0.7.15
  Downloaded x11rb v0.13.2
  Downloaded quick-xml v0.41.0
  Downloaded roxmltree v0.20.0
  Downloaded sval_buffer v2.22.0
  Downloaded svgtypes v0.16.1
  Downloaded tiny-skia-path v0.11.4
  Downloaded tinyvec v1.13.3
  Downloaded toml v1.1.6+spec-1.1.0
  Downloaded toml_datetime v1.1.1+spec-1.1.0
  Downloaded typenum v1.20.1
  Downloaded unicode-bidi v0.3.18
  Downloaded annotate-snippets v0.12.16
  Downloaded arc-swap v1.9.2
  Downloaded async-process v2.5.0
  Downloaded base64 v0.22.1
  Downloaded base64 v0.23.1
  Downloaded bytemuck v1.25.2
  Downloaded bytes v1.12.1
  Downloaded calloop v0.14.4
  Downloaded cfg-if v1.0.5
  Downloaded codespan-reporting v0.13.1
  Downloaded color_quant v1.1.0
  Downloaded compression-codecs v0.4.43
  Downloaded compression-core v0.4.33
  Downloaded concurrent-queue v2.5.0
  Downloaded equivalent v1.0.2
  Downloaded erased-serde v0.4.10
  Downloaded errno v0.3.14
  Downloaded etagere v0.2.15
  Downloaded event-listener v5.4.2
  Downloaded futures-task v0.3.34
  Downloaded gpui-pre-refineable v0.3.6
  Downloaded object v0.37.3
  Downloaded postage v0.5.0
  Downloaded read-fonts v0.37.0
  Downloaded swash v0.2.10
  Downloaded unicode-segmentation v1.13.3
  Downloaded async-compression v0.4.48
  Downloaded backtrace v0.3.76
  Downloaded bumpalo v3.20.3
  Downloaded cc v1.4.7
  Downloaded chrono v0.4.45
  Downloaded const-oid v0.10.2
  Downloaded euclid v0.22.14
  Downloaded gpui-pre-derive-refineable v0.3.6
  Downloaded gpui-pre-shared-string v0.3.6
  Downloaded gpui-pre-sum-tree v0.3.6
  Downloaded heck v0.5.0
  Downloaded hex v0.4.3
  Downloaded hmac v0.12.1
  Downloaded itoa v1.0.18
  Downloaded jobserver v0.1.35
  Downloaded khronos-egl v6.0.0
  Downloaded lazy_static v1.5.0
  Downloaded markup5ever_rcdom v0.3.0
  Downloaded memchr v2.8.3
  Downloaded value-bag v1.14.1
  Downloaded wayland-scanner v0.31.11
  Downloaded x11rb-protocol v0.13.2
  Downloaded read-fonts v0.41.0
  Downloaded serde_json v1.0.151
  Downloaded syn v2.0.119
  Downloaded syn v3.0.6
  Downloaded tracing-subscriber v0.3.23
  Downloaded ttf-parser v0.25.1
  Downloaded unicode-width v0.2.2
  Downloaded aes v0.8.4
  Downloaded aho-corasick v1.1.5
  Downloaded ashpd v0.13.13
  Downloaded atspi-common v0.13.0
  Downloaded futures-util v0.3.34
  Downloaded gpui-pre-platform v0.3.6
  Downloaded hashbrown v0.15.5
  Downloaded hashbrown v0.16.1
  Downloaded heapless v0.9.3
  Downloaded hkdf v0.12.4
  Downloaded itertools v0.11.0
  Downloaded kurbo v0.13.1
  Downloaded libc v0.2.189
  Downloaded wayland-backend v0.3.17
  Downloaded wayland-client v0.31.15
  Downloaded wayland-sys v0.31.11
  Downloaded wgpu-naga-bridge v29.0.4
  Downloaded writeable v0.6.4
  Downloaded xcursor v0.3.11
  Downloaded xim-ctext v0.3.0
  Downloaded xim-parser v0.2.2
  Downloaded xkbcommon v0.8.0
  Downloaded xkeysym v0.2.1
  Downloaded xml5ever v0.18.1
  Downloaded zbus_macros v5.19.0
  Downloaded zbus_names v4.3.4
  Downloaded zcheapstr v1.1.0
  Downloaded zed-font-kit v0.14.1-zed
  Downloaded naga v29.0.4
  Downloaded pxfm v0.1.30
  Downloaded regex-automata v0.4.18
  Downloaded rustc_version v0.4.1
  Downloaded tracing v0.1.44
  Downloaded ash v0.38.0+1.3.281
  Downloaded av-scenechange v0.14.1
  Downloaded bstr v1.13.1
  Downloaded const-random v0.1.18
  Downloaded const-random-macro v0.1.16
  Downloaded convert_case v0.10.0
  Downloaded core_detect v1.0.0
  Downloaded core_maths v0.1.1
  Downloaded cpufeatures v0.2.17
  Downloaded cpufeatures v0.3.1
  Downloaded crc32fast v1.5.2
  Downloaded enum-iterator-derive v1.5.0
  Downloaded form_urlencoded v1.2.2
  Downloaded futf v0.1.5
  Downloaded futures-channel v0.3.34
  Downloaded futures-concurrency v7.7.1
  Downloaded futures-core v0.3.34
  Downloaded futures-executor v0.3.34
  Downloaded futures-io v0.3.34
  Downloaded futures-lite v2.6.1
  Downloaded futures-macro v0.3.34
  Downloaded gif v0.14.2
  Downloaded waker-fn v1.2.0
  Downloaded walkdir v2.5.0
  Downloaded wayland-cursor v0.31.14
  Downloaded wayland-protocols v0.32.13
  Downloaded web-time v1.1.0
  Downloaded wgpu-core-deps-windows-linux-android v29.0.4
  Downloaded wgpu-types v29.0.4
  Downloaded winnow v1.0.4
  Downloaded x11 v2.21.0
  Downloaded zbus-lockstep v0.5.2
  Downloaded zbus-lockstep-macros v0.5.2
  Downloaded zbus_xml v5.2.1
  Downloaded zed-xim v0.4.0-zed
  Downloaded zeno v0.3.3
  Downloaded zerofrom v0.1.8
  Downloaded zerofrom-derive v0.1.8
  Downloaded rav1e v0.8.1
  Downloaded renderdoc-sys v1.1.0
  Downloaded resvg v0.46.0
  Downloaded rust-i18n v4.2.2
  Downloaded strict-num v0.1.1
  Downloaded flume v0.12.0
  Downloaded foldhash v0.1.5
  Downloaded font-types v0.11.3
  Downloaded font-types v0.12.5
  Downloaded fontconfig-parser v0.5.8
  Downloaded futures-sink v0.3.34
  Downloaded globwalk v0.8.1
  Downloaded gpu-allocator v0.28.0
  Downloaded gpui-pre-util v0.3.6
  Downloaded lebe v0.5.3
  Downloaded lyon v1.0.19
  Downloaded lyon_path v1.0.19
  Downloaded memmap2 v0.9.11
  Downloaded mime v0.3.17
  Downloaded url v2.5.8
  Downloaded utf-8 v0.7.6
  Downloaded utf8_iter v1.0.4
  Downloaded value-bag-sval2 v1.14.1
  Downloaded wayland-protocols-wlr v0.3.12
  Downloaded wgpu v29.0.4
  Downloaded wgpu-core v29.0.4
  Downloaded xcb v1.7.1
  Downloaded zbus v5.19.0
  Downloaded regex-syntax v0.8.11
  Downloaded crossbeam-utils v0.8.23
  Downloaded foldhash v0.2.0
  Downloaded fontdb v0.23.0
  Downloaded futures v0.3.34
  Downloaded glow v0.17.0
  Downloaded half v2.7.1
  Downloaded html5ever v0.27.0
  Downloaded icu_properties_data v2.3.0
  Downloaded is-docker v0.2.0
  Downloaded is-wsl v0.4.0
  Downloaded libbz2-rs-sys v0.2.5
  Downloaded log v0.4.34
  Downloaded loop9 v0.1.5
  Downloaded lyon_algorithms v1.0.21
  Downloaded lyon_geom v1.0.19
  Downloaded lyon_tessellation v1.0.22
  Downloaded mac v0.1.1
  Downloaded markdown v1.0.0
  Downloaded maybe-rayon v0.1.1
  Downloaded usvg v0.46.0
  Downloaded uuid v1.26.1
  Downloaded value-bag-serde1 v1.14.1
  Downloaded wayland-protocols-plasma v0.3.12
  Downloaded wgpu-hal v29.0.4
  Downloaded zerocopy v0.8.58
  Downloaded zerocopy-derive v0.8.58
  Downloaded zeroize_derive v1.5.0
  Downloaded zerotrie v0.2.5
  Downloaded zerovec v0.11.8
  Downloaded zlib-rs v0.6.8
  Downloaded zune-core v0.5.3
  Downloaded zvariant_utils v4.2.0
  Downloaded rust-embed-impl v8.12.0
  Downloaded rust-i18n-macro v4.2.2
  Downloaded rustix v1.1.5
  Downloaded ryu v1.0.23
  Downloaded sysinfo v0.31.4
  Downloaded crossbeam-deque v0.8.8
  Downloaded crypto-common v0.1.7
  Downloaded crypto-common v0.2.2
  Downloaded float_next_after v1.0.0
  Downloaded fluent-uri v0.1.4
  Downloaded gethostname v1.1.0
  Downloaded getrandom v0.2.17
  Downloaded getrandom v0.3.4
  Downloaded getrandom v0.4.3
  Downloaded hybrid-array v0.4.15
  Downloaded inotify v0.10.2
  Downloaded instant v0.1.13
  Downloaded litemap v0.8.3
  Downloaded crossbeam-epoch v0.9.21
  Downloaded inout v0.1.4
  Downloaded link-section v0.19.3
  Downloaded linktime-proc-macro v0.2.3
  Downloaded litrs v1.0.0
  Downloaded lock_api v0.4.14
  Downloaded zeroize v1.9.0
  Downloaded zerovec-derive v0.11.6
  Downloaded rgb v0.8.53
  Downloaded indexmap v2.14.2
  Downloaded ropey v2.0.0-beta.1
  Downloaded gpui-pre-http-client v0.3.6
  Downloaded gpui-pre-zlog v0.3.6
  Downloaded rustversion v1.0.23
  Downloaded iana-time-zone v0.1.65
  Downloaded zune-inflate v0.2.54
  Downloaded roxmltree v0.21.1
  Downloaded sha2 v0.10.9
  Downloaded http-body v1.1.0
  Downloaded dirs v5.0.1
  Downloaded rust-i18n-support v4.2.2
  Downloaded same-file v1.0.6
  Downloaded serde v1.0.229
  Downloaded simd-adler32 v0.3.10
  Downloaded crossbeam-queue v0.3.14
  Downloaded ctor v1.0.13
  Downloaded digest v0.10.7
  Downloaded gpu-descriptor v0.3.2
  Downloaded gpui-pre-wgpu v0.3.6
  Downloaded zvariant_derive v5.15.0
  Downloaded serde_bytes v0.11.19
  Downloaded rustybuzz v0.20.1
  Downloaded smol v2.0.2
  Downloaded sval_fmt v2.22.0
  Downloaded tendril v0.4.3
  Downloaded idna v1.1.0
  Downloaded serde_derive_internals v0.30.0
  Downloaded serde_derive v1.0.229
  Downloaded derive_more v2.1.1
  Downloaded gimli v0.32.3
  Downloaded scopeguard v1.2.0
  Downloaded semver v1.0.28
  Downloaded serde_core v1.0.229
  Downloaded serde_urlencoded v0.7.1
  Downloaded digest v0.11.3
  Downloaded dirs-sys v0.4.1
  Downloaded siphasher v1.0.3
  Downloaded string_cache v0.8.9
  Downloaded gpui-pre-ztracing v0.3.6
  Downloaded icu_locale_core v2.3.0
  Downloaded ignore v0.4.33
  Downloaded rust-embed v8.12.0
  Downloaded seahash v4.1.0
  Downloaded self_cell v1.3.0
  Downloaded serde_spanned v0.6.9
  Downloaded sha1_smol v1.0.1
  Downloaded signal-hook-registry v1.4.8
  Downloaded skrifa v0.44.0
  Downloaded strum v0.28.0
  Downloaded taffy v0.13.0
  Downloaded dirs v6.0.0
  Downloaded displaydoc v0.2.7
  Downloaded icu_normalizer v2.3.0
  Downloaded serde-saphyr v1.3.0
  Downloaded shlex v2.0.1
  Downloaded slab v0.4.12
  Downloaded hash32 v0.3.1
  Downloaded string_cache_codegen v0.5.4
  Downloaded enumn v0.1.14
  Downloaded imgref v1.12.3
  Downloaded derive_more-impl v2.1.1
  Downloaded subtle v2.6.1
  Downloaded sval_serde v2.22.0
  Downloaded dirs-sys v0.5.0
  Downloaded spirv v0.4.0+sdk-1.4.341.0
  Downloaded strum_macros v0.28.0
  Downloaded svg_fmt v0.4.5
  Downloaded either v1.18.0
  Downloaded enumflags2 v0.7.12
  Downloaded sval_ref v2.22.0
  Downloaded encoding_rs_io v0.1.8
  Downloaded event-listener-strategy v0.5.4
  Downloaded gpui-pre-perf v0.3.6
  Downloaded idna_adapter v1.2.2
  Downloaded sha2 v0.11.0
  Downloaded thiserror v2.0.21
  Downloaded tiny-skia v0.11.4
  Downloaded downcast-rs v1.2.1
  Downloaded thiserror-impl v1.0.69
  Downloaded tiff v0.11.3
  Downloaded crunchy v0.2.4
  Downloaded serde_spanned v1.1.1
  Downloaded flate2 v1.1.10
  Downloaded float-ord v0.3.2
  Downloaded icu_provider v2.3.1
  Downloaded dlib v0.5.3
  Downloaded data-url v0.3.2
  Downloaded filetime v0.2.29
  Downloaded sharded-slab v0.1.7
  Downloaded simplecss v0.2.2
  Downloaded sval_json v2.22.0
  Downloaded thread_local v1.1.10
  Downloaded dyn-clone v1.0.20
  Downloaded enum-iterator v2.3.0
  Downloaded slotmap v1.1.1
  Downloaded smol_str v0.3.6
  Downloaded encoding_rs v0.8.42
  Downloaded image v0.25.10
  Downloaded spin v0.9.9
  Downloaded thiserror v1.0.69
  Downloaded fixedbitset v0.5.7
  Downloaded shellexpand v3.1.2
  Downloaded fastrand v2.5.0
  Downloaded termcolor v1.4.1
  Downloaded cosmic-text v0.19.0
  Downloaded fdeflate v0.3.7
  Downloaded filedescriptor v0.8.3
  Downloaded document-features v0.2.12
  Downloaded embed-resource v3.0.11
  Downloaded endi v1.1.1
  Downloaded image-webp v0.2.4
  Downloaded stable_deref_trait v1.2.1
  Downloaded sval_nested v2.22.0
  Downloaded gpui-pre-linux v0.3.6
  Downloaded enumflags2_derive v0.7.12
  Downloaded hashbrown v0.14.5
  Downloaded gpu-descriptor-types v0.2.0
  Downloaded skrifa v0.40.0
  Downloaded thiserror-impl v2.0.21
  Downloaded fax v0.2.7
  Downloaded tiny-keccak v2.0.2
  Downloaded sval v2.22.0
  Downloaded float-cmp v0.9.0
  Downloaded find-msvc-tools v0.1.13
  Downloaded harfrust v0.5.2
  Downloaded linux-raw-sys v0.12.1
  Downloaded freetype-sys v0.20.1
  Downloaded equator v0.4.2
  Downloaded exr v1.74.2
  Downloaded zed-scap v0.0.8-zed
  Downloaded gpui-pre v0.3.6
   Compiling unicode-ident v1.0.26
   Compiling quote v1.0.47
   Compiling proc-macro2 v1.0.107
   Compiling cfg-if v1.0.5
   Compiling serde_core v1.0.229
   Compiling syn v3.0.6
   Compiling syn v2.0.119
   Compiling typeid v1.0.3
   Compiling erased-serde v0.4.10
   Compiling libc v0.2.189
   Compiling serde_fmt v1.1.0
   Compiling autocfg v1.5.1
   Compiling value-bag-serde1 v1.14.1
   Compiling serde_derive v1.0.229
   Compiling value-bag v1.14.1
   Compiling log v0.4.34
   Compiling equivalent v1.0.2
   Compiling memchr v2.8.3
   Compiling bitflags v2.13.2
   Compiling hashbrown v0.17.1
   Compiling libm v0.2.16
   Compiling smallvec v1.16.1
   Compiling once_cell v1.21.4
   Compiling serde v1.0.229
   Compiling pin-project-lite v0.2.17
   Compiling num-traits v0.2.19
   Compiling version_check v0.9.5
   Compiling indexmap v2.14.2
   Compiling winnow v1.0.4
   Compiling futures-core v0.3.34
   Compiling crossbeam-utils v0.8.23
   Compiling bytemuck_derive v1.12.1
   Compiling toml_parser v1.1.3+spec-1.1.0
   Compiling bytemuck v1.25.2
   Compiling toml_datetime v1.1.1+spec-1.1.0
   Compiling futures-io v0.3.34
   Compiling siphasher v1.0.3
   Compiling rustix v1.1.5
   Compiling linux-raw-sys v0.12.1
   Compiling scopeguard v1.2.0
   Compiling parking v2.2.1
   Compiling toml_edit v0.25.15+spec-1.1.0
   Compiling slab v0.4.12
   Compiling proc-macro-crate v3.5.0
   Compiling pkg-config v0.3.34
   Compiling stable_deref_trait v1.2.1
   Compiling fastrand v2.5.0
   Compiling typenum v1.20.1
   Compiling find-msvc-tools v0.1.13
   Compiling shlex v2.0.1
   Compiling zerocopy v0.8.58
   Compiling cc v1.4.7
   Compiling zerocopy-derive v0.8.58
   Compiling futures-lite v2.6.1
   Compiling event-listener v5.4.2
   Compiling concurrent-queue v2.5.0
   Compiling enumflags2_derive v0.7.12
   Compiling libloading v0.8.9
   Compiling simd-adler32 v0.3.10
   Compiling arrayvec v0.7.8
   Compiling event-listener-strategy v0.5.4
   Compiling zvariant_utils v4.2.0
   Compiling synstructure v0.14.0
   Compiling crossbeam-epoch v0.9.21
   Compiling zvariant_derive v5.15.0
   Compiling lock_api v0.4.14
   Compiling tracing-core v0.1.36
   Compiling adler2 v2.0.1
   Compiling endi v1.1.1
   Compiling async-task v4.7.1
   Compiling zerofrom-derive v0.1.8
   Compiling aho-corasick v1.1.5
   Compiling crossbeam-deque v0.8.8
   Compiling regex-syntax v0.8.11
   Compiling parking_lot_core v0.9.12
   Compiling zerofrom v0.1.8
   Compiling yoke-derive v0.8.3
   Compiling regex-automata v0.4.18
   Compiling async-channel v2.5.0
   Compiling dlib v0.5.3
   Compiling tracing-attributes v0.1.31
   Compiling itoa v1.0.18
   Compiling getrandom v0.4.3
   Compiling zmij v1.0.23
   Compiling tracing v0.1.44
   Compiling yoke v0.8.3
   Compiling polling v3.11.0
   Compiling wayland-sys v0.31.11
   Compiling bitflags v1.3.2
   Compiling crc32fast v1.5.2
   Compiling parking_lot v0.12.5
   Compiling enumflags2 v0.7.12
   Compiling zcheapstr v1.1.0
   Compiling async-io v2.6.0
   Compiling zerovec-derive v0.11.6
   Compiling sha1_smol v1.0.1
   Compiling anyhow v1.0.104
   Compiling rustversion v1.0.23
   Compiling same-file v1.0.6
   Compiling walkdir v2.5.0
   Compiling zerovec v0.11.8
   Compiling uuid v1.26.1
   Compiling zvariant v5.15.0
   Compiling miniz_oxide v0.9.1
   Compiling generic-array v0.14.7
   Compiling displaydoc v0.2.7
   Compiling futures-sink v0.3.34
   Compiling atomic-waker v1.1.2
   Compiling piper v0.2.5
   Compiling flate2 v1.1.10
   Compiling zbus_names v4.3.4
   Compiling errno v0.3.14
   Compiling serde_bytes v0.11.19
   Compiling cfg_aliases v0.2.2
   Compiling signal-hook-registry v1.4.8
   Compiling blocking v1.7.0
   Compiling futures-channel v0.3.34
   Compiling half v2.7.1
   Compiling async-lock v3.4.2
   Compiling core_maths v0.1.1
   Compiling futures-macro v0.3.34
   Compiling either v1.18.0
   Compiling thiserror v2.0.21
   Compiling unicode-width v0.2.2
   Compiling futures-task v0.3.34
   Compiling semver v1.0.28
   Compiling futures-util v0.3.34
   Compiling rustc_version v0.4.1
   Compiling async-signal v0.2.14
   Compiling tinystr v0.8.4
   Compiling miniz_oxide v0.8.9
   Compiling bstr v1.13.1
   Compiling thiserror-impl v2.0.21
   Compiling rustc-hash v2.1.3
   Compiling writeable v0.6.4
   Compiling getrandom v0.3.4
   Compiling litemap v0.8.3
   Compiling icu_locale_core v2.3.0
   Compiling async-process v2.5.0
   Compiling zerotrie v0.2.5
   Compiling potential_utf v0.1.6
   Compiling async-executor v1.14.0
   Compiling wayland-backend v0.3.17
   Compiling slotmap v1.1.1
   Compiling serde_repr v0.1.21
   Compiling serde_json v1.0.151
   Compiling utf8_iter v1.0.4
   Compiling icu_properties_data v2.3.0
   Compiling foldhash v0.2.0
   Compiling allocator-api2 v0.2.21
   Compiling icu_normalizer_data v2.3.0
   Compiling static_assertions v1.1.0
   Compiling icu_collections v2.3.0
   Compiling hashbrown v0.16.1
   Compiling icu_provider v2.3.1
   Compiling zbus_macros v5.19.0
   Compiling async-broadcast v0.7.2
   Compiling phf_shared v0.11.3
   Compiling ordered-stream v0.2.0
   Compiling euclid v0.22.14
   Compiling quick-xml v0.41.0
   Compiling async-recursion v1.1.1
   Compiling async-trait v0.1.92
   Compiling wayland-client v0.31.15
   Compiling option-ext v0.2.0
   Compiling hex v0.4.3
   Compiling scoped-tls v1.0.1
   Compiling downcast-rs v1.2.1
   Compiling raw-window-handle v0.6.2
   Compiling rayon-core v1.13.0
   Compiling zbus v5.19.0
   Compiling wayland-scanner v0.31.11
   Compiling rand_core v0.9.5
   Compiling globset v0.4.20
   Compiling ttf-parser v0.25.1
   Compiling crypto-common v0.1.7
   Compiling encoding_rs v0.8.42
   Compiling ppv-lite86 v0.2.21
   Compiling fdeflate v0.3.7
   Compiling num-complex v0.4.6
   Compiling memmap2 v0.9.11
   Compiling profiling-procmacros v1.0.18
   Compiling lazy_static v1.5.0
   Compiling unicode-segmentation v1.13.3
   Compiling float-cmp v0.9.0
   Compiling roxmltree v0.20.0
   Compiling rand_core v0.6.4
   Compiling iana-time-zone v0.1.65
   Compiling paste v1.0.15
   Compiling chrono v0.4.45
   Compiling fontconfig-parser v0.5.8
   Compiling rand v0.8.8
   Compiling strict-num v0.1.1
   Compiling profiling v1.0.18
   Compiling rand_chacha v0.9.0
   Compiling icu_normalizer v2.3.0
   Compiling icu_properties v2.3.0
   Compiling lyon_geom v1.0.19
   Compiling futures-executor v0.3.34
   Compiling gpui-pre-util v0.3.6
   Compiling polycool v0.4.0
   Compiling pulp v0.22.3
   Compiling serde_spanned v1.1.1
   Compiling enumn v0.1.14
   Compiling tinyvec v1.13.3
   Compiling ref-cast v1.0.27
   Compiling quick-error v2.0.1
   Compiling thiserror v1.0.69
   Compiling object v0.37.3
   Compiling core_detect v1.0.0
   Compiling unicode-script v0.5.8
   Compiling simdutf8 v0.1.5
   Compiling libbz2-rs-sys v0.2.5
   Compiling byteorder v1.5.0
   Compiling toml_writer v1.1.2+spec-1.1.0
   Compiling arrayref v0.3.9
   Compiling zune-core v0.5.3
   Compiling multiversion_no_op v1.0.0
   Compiling percent-encoding v2.3.2
   Compiling weezl v0.1.12
   Compiling form_urlencoded v1.2.2
   Compiling zune-jpeg v0.5.15
   Compiling bzip2 v0.6.1
   Compiling tiny-skia-path v0.11.4
   Compiling toml v1.1.6+spec-1.1.0
   Compiling fontdb v0.23.0
   Compiling accesskit v0.24.1
   Compiling kurbo v0.13.1
   Compiling gpui-pre-collections v0.3.6
   Compiling lyon_path v1.0.19
   Compiling futures v0.3.34
   Compiling idna_adapter v1.2.2
   Compiling rand v0.9.5
   Compiling phf_generator v0.11.3
   Compiling convert_case v0.10.0
   Compiling sharded-slab v0.1.7
   Compiling naga v29.0.4
   Compiling regex v1.13.1
   Compiling tracing-log v0.2.0
   Compiling hybrid-array v0.4.15
   Compiling raw-cpuid v11.6.0
   Compiling pin-project-internal v1.1.13
   Compiling thiserror-impl v1.0.69
   Compiling ref-cast-impl v1.0.27
   Compiling serde_derive_internals v0.30.0
   Compiling thread_local v1.1.10
   Compiling unicode-ccc v0.4.0
   Compiling unicode-bidi v0.3.18
   Compiling heck v0.5.0
   Compiling bytes v1.12.1
   Compiling gpui-pre-ztracing v0.3.6
   Compiling gimli v0.32.3
   Compiling color_quant v1.1.0
   Compiling pulp-wasm-simd-flag v0.1.1
   Compiling ash v0.38.0+1.3.281
   Compiling compression-core v0.4.33
   Compiling unicode-properties v0.1.4
   Compiling unicode-bidi-mirroring v0.4.0
   Compiling reborrow v0.5.5
   Compiling byteorder-lite v0.1.0
   Compiling unicode-xid v0.2.6
   Compiling nu-ansi-term v0.50.3
   Compiling heapless v0.9.3
   Compiling bit-vec v0.9.1
   Compiling bit-set v0.9.1
   Compiling tracing-subscriber v0.3.23
   Compiling addr2line v0.25.1
   Compiling derive_more-impl v2.1.1
   Compiling image-webp v0.2.4
   Compiling rustybuzz v0.20.1
   Compiling compression-codecs v0.4.43
   Compiling gif v0.14.2
   Compiling http v1.5.0
   Compiling schemars_derive v1.2.2
   Compiling pin-project v1.1.13
   Compiling svgtypes v0.16.1
   Compiling idna v1.1.0
   Compiling gpui-pre-zlog v0.3.6
   Compiling embed-resource v3.0.11
   Compiling hash32 v0.3.1
   Compiling rayon v1.12.0
   Compiling png v0.17.16
   Compiling codespan-reporting v0.13.1
   Compiling block-buffer v0.10.4
   Compiling zbus_xml v5.2.1
   Compiling spin v0.9.9
   Compiling zune-inflate v0.2.54
   Compiling spirv v0.4.0+sdk-1.4.341.0
   Compiling roxmltree v0.21.1
   Compiling simplecss v0.2.2
   Compiling hexf-parse v0.2.1
   Compiling rustc-hash v1.1.0
   Compiling lebe v0.5.3
   Compiling imagesize v0.14.0
   Compiling pico-args v0.5.0
   Compiling crunchy v0.2.4
   Compiling xmlwriter v0.1.0
   Compiling khronos-egl v6.0.0
   Compiling dyn-clone v1.0.20
   Compiling unicode-vo v0.1.0
   Compiling gpui-pre-ztracing-macro v0.3.6
   Compiling base64 v0.22.1
   Compiling data-url v0.3.2
   Compiling pxfm v0.1.30
   Compiling smol_str v0.3.6
   Compiling ryu v1.0.23
   Compiling float_next_after v1.0.0
   Compiling fax v0.2.7
   Compiling bit_field v0.10.3
   Compiling subtle v2.6.1
   Compiling foldhash v0.1.5
   Compiling rustc-demangle v0.1.28
   Compiling new_debug_unreachable v1.0.6
   Compiling backtrace v0.3.76
   Compiling moxcms v0.8.1
   Compiling hashbrown v0.15.5
   Compiling digest v0.10.7
   Compiling exr v1.74.2
   Compiling tiff v0.11.3
   Compiling lyon_tessellation v1.0.22
   Compiling serde_urlencoded v0.7.1
   Compiling usvg v0.46.0
   Compiling schemars v1.2.2
   Compiling zbus-lockstep v0.5.2
   Compiling flume v0.12.0
   Compiling tiny-skia v0.11.4
   Compiling gpui-pre v0.3.6
   Compiling url v2.5.8
   Compiling gpui-pre-perf v0.3.6
   Compiling http-body v1.1.0
   Compiling async-compression v0.4.48
   Compiling derive_more v2.1.1
   Compiling strum_macros v0.28.0
   Compiling block-buffer v0.12.1
   Compiling crypto-common v0.2.2
   Compiling string_cache_codegen v0.5.4
   Compiling phf_codegen v0.11.3
   Compiling lyon_algorithms v1.0.21
   Compiling wayland-protocols v0.32.13
   Compiling png v0.18.1
   Compiling wgpu-types v29.0.4
   Compiling wgpu-hal v29.0.4
   Compiling crossbeam-queue v0.3.14
   Compiling rgb v0.8.53
   Compiling qoi v0.4.1
   Compiling num-integer v0.1.47
   Compiling gpu-descriptor-types v0.2.0
   Compiling gpui-pre-derive-refineable v0.3.6
   Compiling zeroize_derive v1.5.0
   Compiling linktime-proc-macro v0.2.3
   Compiling pollster v0.2.5
   Compiling svg_fmt v0.4.5
   Compiling tiny-keccak v2.0.2
   Compiling const-oid v0.10.2
   Compiling fixedbitset v0.5.7
   Compiling presser v0.3.1
   Compiling web-time v1.1.0
   Compiling link-section v0.19.3
   Compiling mac v0.1.1
   Compiling atomic v0.5.3
   Compiling ctor v1.0.13
   Compiling postage v0.5.0
   Compiling futf v0.1.5
   Compiling gpui-pre-scheduler v0.3.6
   Compiling gpu-allocator v0.28.0
   Compiling futures-concurrency v7.7.1
   Compiling digest v0.11.3
   Compiling etagere v0.2.15
   Compiling zeroize v1.9.0
   Compiling gpui-pre-refineable v0.3.6
   Compiling gpu-descriptor v0.3.2
   Compiling image v0.25.10
   Compiling resvg v0.46.0
   Compiling wgpu-naga-bridge v29.0.4
   Compiling lyon v1.0.19
   Compiling markup5ever v0.12.1
   Compiling strum v0.28.0
   Compiling gpui-pre-http-client v0.3.6
   Compiling gpui-pre-util-macros v0.3.6
   Compiling ignore v0.4.33
   Compiling gpui-pre-sum-tree v0.3.6
   Compiling zbus-lockstep-macros v0.5.2
   Compiling gpui-pre-shared-string v0.3.6
   Compiling gpui-pre-macros v0.3.6
   Compiling taffy v0.13.0
   Compiling pathfinder_simd v0.5.6
   Compiling itertools v0.14.0
   Compiling block-padding v0.3.3
   Compiling arc-swap v1.9.2
   Compiling spin v0.10.1
   Compiling freetype-sys v0.20.1
   Compiling yeslogic-fontconfig-sys v6.0.1
   Compiling phf_shared v0.13.1
   Compiling font-types v0.11.3
   Compiling font-types v0.12.5
   Compiling ordered-float v5.5.0
   Compiling num_cpus v1.17.0
   Compiling unicase v2.9.0
   Compiling renderdoc-sys v1.1.0
   Compiling pollster v0.4.0
   Compiling waker-fn v1.2.0
   Compiling cpufeatures v0.3.1
   Compiling inventory v0.3.24
   Compiling seahash v4.1.0
   Compiling precomputed-hash v0.1.1
   Compiling glow v0.17.0
   Compiling utf-8 v0.7.6
   Compiling tendril v0.4.3
   Compiling string_cache v0.8.9
   Compiling phf_generator v0.13.1
   Compiling sha2 v0.11.0
   Compiling mime_guess v2.0.5
   Compiling read-fonts v0.41.0
   Compiling read-fonts v0.37.0
   Compiling inout v0.1.4
   Compiling atspi-common v0.13.0
   Compiling globwalk v0.8.1
   Compiling dirs-sys v0.5.0
   Compiling phf v0.11.3
   Compiling async-fs v2.2.0
   Compiling wgpu-core v29.0.4
   Compiling toml_datetime v0.6.11
   Compiling serde_spanned v0.6.9
   Compiling getrandom v0.2.17
   Compiling as-raw-xcb-connection v1.0.1
   Compiling arraydeque v0.5.1
   Compiling xcursor v0.3.11
   Compiling anstyle v1.0.14
   Compiling winnow v0.7.15
   Compiling litrs v1.0.0
   Compiling toml_write v0.1.2
   Compiling toml_edit v0.22.27
   Compiling document-features v0.2.12
   Compiling annotate-snippets v0.12.16
   Compiling const-random-macro v0.1.16
   Compiling granit-parser v1.3.0
   Compiling dirs v6.0.0
   Compiling cipher v0.4.4
   Compiling skrifa v0.44.0
   Compiling phf_macros v0.13.1
   Compiling wgpu-core-deps-windows-linux-android v29.0.4
   Compiling num-bigint v0.4.8
   Compiling num-iter v0.1.46
   Compiling ashpd v0.13.13
   Compiling hmac v0.12.1
   Compiling encoding_rs_io v0.1.8
   Compiling dirs-sys v0.4.1
   Compiling async-net v2.0.0
   Compiling wgpu v29.0.4
   Compiling gethostname v1.1.0
   Compiling ahash v0.8.12
   Compiling html5ever v0.27.0
   Compiling mime v0.3.17
   Compiling zed-font-kit v0.14.1-zed
   Compiling x11rb-protocol v0.13.2
   Compiling num-bigint-dig v0.9.1
   Compiling yazi v0.2.1
   Compiling xim-parser v0.2.2
   Compiling nohash-hasher v0.2.0
   Compiling inotify-sys v0.1.8
   Compiling zeno v0.3.3
   Compiling base62 v2.2.6
   Compiling base64 v0.23.1
   Compiling cpufeatures v0.2.17
   Compiling serde-saphyr v1.3.0
   Compiling swash v0.2.10
   Compiling phf v0.13.1
   Compiling x11rb v0.13.2
   Compiling smol v2.0.2
   Compiling dirs v5.0.1
   Compiling num-rational v0.4.2
   Compiling pathfinder_geometry v0.5.1
   Compiling shellexpand v3.1.2
   Compiling const-random v0.1.18
   Compiling toml v0.8.23
   Compiling atspi-proxies v0.13.0
   Compiling skrifa v0.40.0
   Compiling harfrust v0.5.2
   Compiling rust-embed-utils v8.12.0
   Compiling triomphe v0.1.16
   Compiling accesskit_consumer v0.38.0
   Compiling itertools v0.11.0
   Compiling is-docker v0.2.0
   Compiling instant v0.1.13
   Compiling linebender_resource_handle v0.1.1
   Compiling unicode-linebreak v0.1.5
   Compiling float-ord v0.3.2
   Compiling gpui-kit-assets v0.6.5 (https://github.com/longbridge/gpui-kit?rev=21622a70efd25219d26aa459164878c4da9e39f8#21622a70)
   Compiling rangemap v1.8.0
   Compiling sys-locale v0.3.2
   Compiling self_cell v1.3.0
   Compiling normpath v1.5.2
   Compiling cosmic-text v0.19.0
   Compiling rust-i18n-support v4.2.2
   Compiling is-wsl v0.4.0
   Compiling accesskit_atspi_common v0.19.1
   Compiling rust-embed-impl v8.12.0
   Compiling atspi v0.29.0
   Compiling num v0.4.3
   Compiling aes v0.8.4
   Compiling sha2 v0.10.9
   Compiling pbkdf2 v0.12.2
   Compiling hkdf v0.12.4
   Compiling cbc v0.1.2
   Compiling xml5ever v0.18.1
   Compiling rust-i18n v4.2.2
   Compiling md-5 v0.10.6
   Compiling xim-ctext v0.3.0
   Compiling fluent-uri v0.1.4
   Compiling calloop v0.14.4
   Compiling xkeysym v0.2.1
   Compiling hashbrown v0.14.5
   Compiling glob v0.3.4
   Compiling unicode-id v0.3.7
   Compiling str_indices v0.4.4
   Compiling markdown v1.0.0
   Compiling ropey v2.0.0-beta.1
   Compiling rust-i18n-macro v4.2.2
   Compiling zed-xim v0.4.0-zed
   Compiling xkbcommon v0.8.0
   Compiling calloop-wayland-source v0.4.1
   Compiling lsp-types v0.97.0
   Compiling oo7 v0.6.0
   Compiling markup5ever_rcdom v0.3.0
   Compiling inotify v0.10.2
   Compiling gpui-pre-wgpu v0.3.6
   Compiling accesskit_unix v0.22.1
   Compiling rust-embed v8.12.0
   Compiling open v5.4.4
   Compiling notify-types v1.0.1
   Compiling x11-clipboard v0.9.3
   Compiling wayland-cursor v0.31.14
   Compiling wayland-protocols-plasma v0.3.12
   Compiling wayland-protocols-wlr v0.3.12
   Compiling filedescriptor v0.8.3
   Compiling notify-rust v4.18.0
   Compiling mio v1.2.3
   Compiling filetime v0.2.29
   Compiling enum-iterator-derive v1.5.0
   Compiling gpui-component v0.6.5 (https://github.com/longbridge/gpui-kit?rev=21622a70efd25219d26aa459164878c4da9e39f8#21622a70)
   Compiling notify v7.0.0
   Compiling enum-iterator v2.3.0
   Compiling gpui-pre-linux v0.3.6
   Compiling gpui-base v0.6.5 (https://github.com/longbridge/gpui-kit?rev=21622a70efd25219d26aa459164878c4da9e39f8#21622a70)
   Compiling itertools v0.13.0
   Compiling gpui-component-macros v0.6.5 (https://github.com/longbridge/gpui-kit?rev=21622a70efd25219d26aa459164878c4da9e39f8#21622a70)
   Compiling gpui-pre-platform v0.3.6
   Compiling gpuidart-platform-probe v0.0.0 (/home/runner/work/gpuidart/gpuidart/tool/platform_probe/native)
   Compiling gpui-kit v0.6.5 (https://github.com/longbridge/gpui-kit?rev=21622a70efd25219d26aa459164878c4da9e39f8#21622a70)
    Finished `dev` profile [unoptimized] target(s) in 3m 05s
