> /Users/runner/hostedtoolcache/dart/3.13.4/arm64/bin/dart compile exe --define=gpuidart.packaged=true tool/performance/capture_strategy.dart -o /Users/runner/work/gpuidart/gpuidart/build/strategies/timing/capture
> git rev-parse HEAD
> git status --porcelain
jit-128-snapshot-1: passed=true
aot-128-snapshot-1: passed=true
jit-128-subviews-1: passed=true
aot-128-subviews-1: passed=true
jit-128-patches-1: passed=true
aot-128-patches-1: passed=true
jit-512-subviews-1: passed=true
aot-512-subviews-1: passed=true
jit-512-patches-1: passed=true
aot-512-patches-1: passed=true
jit-512-snapshot-1: passed=true
aot-512-snapshot-1: passed=true
jit-2048-patches-1: passed=true
aot-2048-patches-1: passed=true
jit-2048-snapshot-1: passed=true
aot-2048-snapshot-1: passed=true
jit-2048-subviews-1: passed=true
aot-2048-subviews-1: passed=true
aot-512-subviews-2: passed=true
jit-512-subviews-2: passed=true
aot-512-patches-2: passed=true
jit-512-patches-2: passed=true
aot-512-snapshot-2: passed=true
jit-512-snapshot-2: passed=true
aot-2048-patches-2: passed=true
jit-2048-patches-2: passed=true
aot-2048-snapshot-2: passed=true
jit-2048-snapshot-2: passed=true
aot-2048-subviews-2: passed=true
jit-2048-subviews-2: passed=true
aot-128-snapshot-2: passed=true
jit-128-snapshot-2: passed=true
aot-128-subviews-2: passed=true
jit-128-subviews-2: passed=true
aot-128-patches-2: passed=true
jit-128-patches-2: passed=true
jit-2048-patches-3: passed=true
aot-2048-patches-3: passed=true
jit-2048-snapshot-3: passed=true
aot-2048-snapshot-3: passed=true
jit-2048-subviews-3: passed=true
aot-2048-subviews-3: passed=true
jit-128-snapshot-3: passed=true
aot-128-snapshot-3: passed=true
jit-128-subviews-3: passed=true
aot-128-subviews-3: passed=true
jit-128-patches-3: passed=true
aot-128-patches-3: passed=true
jit-512-subviews-3: passed=true
aot-512-subviews-3: passed=true
jit-512-patches-3: passed=true
aot-512-patches-3: passed=true
jit-512-snapshot-3: passed=true
aot-512-snapshot-3: passed=true
