   Compiling gpuidart v0.1.0 (D:\Dev\gpuidart\native)
error[E0599]: no method named `when` found for struct `gpui_kit::Stateful<E>` in the current scope
   --> native\src\ui\controls.rs:102:14
    |
 96 |           let element = div()
    |  _______________________-
 97 | |             .id(SharedString::from(id.clone()))
 98 | |             .w_full()
 99 | |             .py_2()
100 | |             .border_1()
101 | |             .border_color(rgba(0x00000000))
102 | |             .when(!*disabled, |this| {
    | |             -^^^^ method not found in `gpui_kit::Stateful<gpui_kit::Div>`
    | |_____________|
    |
    |
   ::: D:\Dev\gpuidart/.tools/cargo\registry\src\index.crates.io-1949cf8c6b5b557f\gpui-pre-0.3.6\src\util.rs:21:8
    |
 21 |       fn when(self, condition: bool, then: impl FnOnce(Self) -> Self) -> Self
    |          ---- the method is available for `gpui_kit::Stateful<gpui_kit::Div>` here
    |
    = help: items from traits can only be used if the trait is in scope
help: trait `FluentBuilder` which provides `when` is implemented but not in scope; perhaps you want to import it
    |
  1 + use gpui_kit::prelude::FluentBuilder;
    |

error[E0308]: mismatched types
   --> native\src\ui\controls.rs:124:42
    |
124 | ...                   state.update(cx, |state, cx| state.set_value(next, window, cx));
    |                             ------ ^^ types differ in mutability
    |                             |
    |                             arguments to this method are incorrect
    |
    = note: expected mutable reference `&mut _`
                       found reference `&gpui_kit::App`
note: method defined here
   --> D:\Dev\gpuidart/.tools/cargo\registry\src\index.crates.io-1949cf8c6b5b557f\gpui-pre-0.3.6\src\app\entity_map.rs:497:12
    |
497 |     pub fn update<R, C: AppContext>(
    |            ^^^^^^

error[E0599]: no method named `when_some` found for struct `gpui_kit::gpui_component::slider::Slider` in the current scope
   --> native\src\ui\controls.rs:139:22
    |
136 | /                 Slider::new(&retained.state)
137 | |                     .disabled(*disabled)
138 | |                     .w_full()
139 | |                     .when_some(
    | |_____________________-^^^^^^^^^
    |
   ::: D:\Dev\gpuidart/.tools/cargo\registry\src\index.crates.io-1949cf8c6b5b557f\gpui-pre-0.3.6\src\util.rs:42:8
    |
 42 |       fn when_some<T>(self, option: Option<T>, then: impl FnOnce(Self, T) -> Self) -> Self
    |          --------- the method is available for `gpui_kit::gpui_component::slider::Slider` here
    |
    = help: items from traits can only be used if the trait is in scope
help: trait `FluentBuilder` which provides `when_some` is implemented but not in scope; perhaps you want to import it
    |
  1 + use gpui_kit::prelude::FluentBuilder;
    |
help: there is a method `when_none` with a similar name
    |
139 -                     .when_some(
139 +                     .when_none(
    |

Some errors have detailed explanations: E0308, E0599.
For more information about an error, try `rustc --explain E0308`.
error: could not compile `gpuidart` (lib test) due to 3 previous errors
