> git rev-parse HEAD
> git status --porcelain
> rustc --version
> D:\Dev\flutter\bin\cache\dart-sdk\bin\dart.exe compile exe --define=gpuidart.packaged=true tool/performance/capture_baseline.dart -o D:\Dev\gpuidart\build/performance/windows-timing/capture.exe
jit-data-only-0-trace-direct-1: passed=true
jit-library-only-0-trace-direct-1: passed=true
jit-host-0-trace-direct-1: passed=true
jit-data-only-1000-trace-direct-1: passed=true
jit-library-only-1000-trace-direct-1: passed=true
jit-host-1000-trace-direct-1: passed=true
jit-data-only-10000-trace-direct-1: passed=true
jit-library-only-10000-trace-direct-1: passed=true
jit-host-10000-trace-direct-1: passed=true
jit-data-only-100000-trace-direct-1: passed=true
jit-library-only-100000-trace-direct-1: passed=true
jit-host-100000-trace-direct-1: passed=true
aot-data-only-0-trace-direct-1: passed=true
aot-library-only-0-trace-direct-1: passed=true
aot-host-0-trace-direct-1: passed=true
aot-data-only-1000-trace-direct-1: passed=true
aot-library-only-1000-trace-direct-1: passed=true
aot-host-1000-trace-direct-1: passed=true
aot-data-only-10000-trace-direct-1: passed=true
aot-library-only-10000-trace-direct-1: passed=true
aot-host-10000-trace-direct-1: passed=true
aot-data-only-100000-trace-direct-1: passed=true
aot-library-only-100000-trace-direct-1: passed=true
aot-host-100000-trace-direct-1: passed=true
aot-host-0-plain-direct-1: passed=true
aot-host-100000-plain-direct-1: passed=true
jit-data-only-0-trace-direct-2: passed=true
aot-host-100000-plain-direct-2: passed=true
aot-host-0-plain-direct-2: passed=true
aot-host-100000-trace-direct-2: passed=true
aot-library-only-100000-trace-direct-2: passed=true
aot-data-only-100000-trace-direct-2: passed=true
aot-host-10000-trace-direct-2: passed=true
aot-library-only-10000-trace-direct-2: passed=true
aot-data-only-10000-trace-direct-2: passed=true
aot-host-1000-trace-direct-2: passed=true
aot-library-only-1000-trace-direct-2: passed=true
aot-data-only-1000-trace-direct-2: passed=true
aot-host-0-trace-direct-2: passed=true
aot-library-only-0-trace-direct-2: passed=true
aot-data-only-0-trace-direct-2: passed=true
jit-host-100000-trace-direct-2: passed=true
jit-library-only-100000-trace-direct-2: passed=true
jit-data-only-100000-trace-direct-2: passed=true
jit-host-10000-trace-direct-2: passed=true
jit-library-only-10000-trace-direct-2: passed=true
jit-data-only-10000-trace-direct-2: passed=true
jit-host-1000-trace-direct-2: passed=true
jit-library-only-1000-trace-direct-2: passed=true
jit-data-only-1000-trace-direct-2: passed=true
jit-host-0-trace-direct-2: passed=true
jit-library-only-0-trace-direct-2: passed=true
jit-host-0-trace-direct-3: passed=true
jit-data-only-1000-trace-direct-3: passed=true
jit-library-only-1000-trace-direct-3: passed=true
jit-host-1000-trace-direct-3: passed=true
jit-data-only-10000-trace-direct-3: passed=true
jit-library-only-10000-trace-direct-3: passed=true
jit-host-10000-trace-direct-3: passed=true
jit-data-only-100000-trace-direct-3: passed=true
jit-library-only-100000-trace-direct-3: passed=true
jit-host-100000-trace-direct-3: passed=true
aot-data-only-0-trace-direct-3: passed=true
aot-library-only-0-trace-direct-3: passed=true
aot-host-0-trace-direct-3: passed=true
aot-data-only-1000-trace-direct-3: passed=true
aot-library-only-1000-trace-direct-3: passed=true
aot-host-1000-trace-direct-3: passed=true
aot-data-only-10000-trace-direct-3: passed=true
aot-library-only-10000-trace-direct-3: passed=true
aot-host-10000-trace-direct-3: passed=true
aot-data-only-100000-trace-direct-3: passed=true
aot-library-only-100000-trace-direct-3: passed=true
aot-host-100000-trace-direct-3: passed=true
aot-host-0-plain-direct-3: passed=true
aot-host-100000-plain-direct-3: passed=true
jit-data-only-0-trace-direct-3: passed=true
jit-library-only-0-trace-direct-3: passed=true
