   Compiling objc2 v0.6.4
   Compiling gpuidart v0.1.0 (/Users/runner/work/gpuidart/gpuidart/native)
   Compiling objc2-core-foundation v0.3.2
   Compiling block2 v0.6.2
   Compiling objc2-foundation v0.3.2
   Compiling objc2-core-video v0.3.2
   Compiling gpui-pre v0.3.6
   Compiling objc2-core-graphics v0.3.2
   Compiling objc2-cloud-kit v0.3.2
   Compiling objc2-core-data v0.3.2
   Compiling objc2-core-image v0.3.2
   Compiling objc2-quartz-core v0.3.2
   Compiling objc2-core-text v0.3.2
   Compiling objc2-app-kit v0.3.2
   Compiling objc2-core-location v0.3.2
   Compiling objc2-core-media v0.3.2
   Compiling dispatch2 v0.3.1
   Compiling objc2-screen-capture-kit v0.3.2
   Compiling objc2-user-notifications v0.3.2
   Compiling gpui-pre-apple v0.3.6
   Compiling gpui-pre-macos v0.3.6
   Compiling gpui-base v0.6.5 (https://github.com/longbridge/gpui-kit?rev=21622a70efd25219d26aa459164878c4da9e39f8#21622a70)
   Compiling gpui-kit-assets v0.6.5 (https://github.com/longbridge/gpui-kit?rev=21622a70efd25219d26aa459164878c4da9e39f8#21622a70)
   Compiling gpui-component v0.6.5 (https://github.com/longbridge/gpui-kit?rev=21622a70efd25219d26aa459164878c4da9e39f8#21622a70)
   Compiling gpui-pre-platform v0.3.6
   Compiling gpui-kit v0.6.5 (https://github.com/longbridge/gpui-kit?rev=21622a70efd25219d26aa459164878c4da9e39f8#21622a70)
   Compiling gpuidart-launcher v0.1.0 (/Users/runner/work/gpuidart/gpuidart/launcher)
warning: use of deprecated function `libc::mach_absolute_time`: Use the `mach2` crate instead
  --> native/src/clock.rs:36:35
   |
36 |             ticks: unsafe { libc::mach_absolute_time() } as i64,
   |                                   ^^^^^^^^^^^^^^^^^^
   |
   = note: `#[warn(deprecated)]` on by default

warning: use of deprecated function `libc::_dyld_image_count`: Use the `mach2` crate instead
  --> native/src/runtime_info.rs:67:27
   |
67 |         for i in 0..libc::_dyld_image_count() {
   |                           ^^^^^^^^^^^^^^^^^

warning: use of deprecated function `libc::_dyld_get_image_name`: Use the `mach2` crate instead
  --> native/src/runtime_info.rs:68:30
   |
68 |             let name = libc::_dyld_get_image_name(i);
   |                              ^^^^^^^^^^^^^^^^^^^^

warning: `gpuidart` (lib) generated 3 warnings
    Finished `release` profile [optimized] target(s) in 4m 23s
warning: the following packages contain code that will be rejected by a future version of Rust: block v0.1.6
note: to see what the problems were, use the option `--future-incompat-report`, or run `cargo report future-incompatibilities --id 1`
