 Downloading crates ...
  Downloaded libloading v0.8.9
   Compiling proc-macro2 v1.0.107
   Compiling unicode-ident v1.0.26
   Compiling quote v1.0.47
   Compiling cfg-if v1.0.5
   Compiling typeid v1.0.3
   Compiling serde_core v1.0.229
   Compiling erased-serde v0.4.10
   Compiling syn v3.0.6
   Compiling syn v2.0.119
   Compiling windows-link v0.2.1
   Compiling autocfg v1.5.1
   Compiling smallvec v1.16.1
   Compiling serde_derive v1.0.229
   Compiling libm v0.2.16
   Compiling serde_fmt v1.1.0
   Compiling value-bag-serde1 v1.14.1
   Compiling value-bag v1.14.1
   Compiling log v0.4.34
   Compiling pin-project-lite v0.2.17
   Compiling memchr v2.8.3
   Compiling crossbeam-utils v0.8.23
   Compiling serde v1.0.229
   Compiling num-traits v0.2.19
   Compiling stable_deref_trait v1.2.1
   Compiling futures-core v0.3.34
   Compiling crossbeam-epoch v0.9.21
   Compiling simd-adler32 v0.3.10
   Compiling windows-sys v0.61.2
   Compiling synstructure v0.14.0
   Compiling windows_x86_64_msvc v0.52.6
   Compiling futures-io v0.3.34
   Compiling zmij v1.0.23
   Compiling adler2 v2.0.1
   Compiling crossbeam-deque v0.8.8
   Compiling arrayvec v0.7.8
   Compiling zerofrom-derive v0.1.8
   Compiling crc32fast v1.5.2
   Compiling siphasher v1.0.3
   Compiling bitflags v2.13.2
   Compiling zerofrom v0.1.8
   Compiling yoke-derive v0.8.3
   Compiling equivalent v1.0.2
   Compiling version_check v0.9.5
   Compiling hashbrown v0.17.1
   Compiling anyhow v1.0.104
   Compiling yoke v0.8.3
   Compiling indexmap v2.14.2
   Compiling miniz_oxide v0.9.1
   Compiling bytemuck v1.25.2
   Compiling parking v2.2.1
   Compiling scopeguard v1.2.0
   Compiling flate2 v1.1.10
   Compiling lock_api v0.4.14
   Compiling zerovec-derive v0.11.6
   Compiling fastrand v2.5.0
   Compiling displaydoc v0.2.7
   Compiling zerovec v0.11.8
   Compiling parking_lot_core v0.9.12
   Compiling slab v0.4.12
   Compiling rustversion v1.0.23
   Compiling zerocopy v0.8.58
   Compiling libc v0.2.189
   Compiling aho-corasick v1.1.5
   Compiling concurrent-queue v2.5.0
   Compiling zerocopy-derive v0.8.58
   Compiling regex-syntax v0.8.11
   Compiling winnow v1.0.4
   Compiling toml_parser v1.1.3+spec-1.1.0
   Compiling regex-automata v0.4.18
   Compiling parking_lot v0.12.5
   Compiling tinystr v0.8.4
   Compiling futures-lite v2.6.1
   Compiling event-listener v5.4.2
   Compiling winapi-util v0.1.11
   Compiling slotmap v1.1.1
   Compiling toml_datetime v1.1.1+spec-1.1.0
   Compiling writeable v0.6.4
   Compiling shlex v2.0.1
   Compiling find-msvc-tools v0.1.13
   Compiling futures-sink v0.3.34
   Compiling itoa v1.0.18
   Compiling litemap v0.8.3
   Compiling icu_locale_core v2.3.0
   Compiling cc v1.4.7
   Compiling same-file v1.0.6
   Compiling event-listener-strategy v0.5.4
   Compiling potential_utf v0.1.6
   Compiling zerotrie v0.2.5
   Compiling miniz_oxide v0.8.9
   Compiling bstr v1.13.1
   Compiling core_maths v0.1.1
   Compiling windows-strings v0.5.1
   Compiling windows-result v0.4.1
   Compiling icu_properties_data v2.3.0
   Compiling icu_normalizer_data v2.3.0
   Compiling async-task v4.7.1
   Compiling serde_json v1.0.151
   Compiling utf8_iter v1.0.4
   Compiling float-cmp v0.9.0
   Compiling icu_collections v2.3.0
   Compiling strict-num v0.1.1
   Compiling ttf-parser v0.25.1
   Compiling globset v0.4.20
   Compiling icu_provider v2.3.1
   Compiling walkdir v2.5.0
   Compiling vswhom-sys v0.1.3
   Compiling futures-channel v0.3.34
   Compiling fdeflate v0.3.7
   Compiling euclid v0.22.14
   Compiling windows-implement v0.60.2
   Compiling windows-interface v0.59.3
   Compiling futures-macro v0.3.34
   Compiling arrayref v0.3.9
   Compiling rand_core v0.6.4
   Compiling rayon-core v1.13.0
   Compiling weezl v0.1.12
   Compiling futures-task v0.3.34
   Compiling getrandom v0.4.3
   Compiling once_cell v1.21.4
   Compiling getrandom v0.3.4
   Compiling bitflags v1.3.2
   Compiling tracing-core v0.1.36
   Compiling futures-util v0.3.34
   Compiling rand v0.8.8
   Compiling tiny-skia-path v0.11.4
   Compiling windows-core v0.62.2
   Compiling windows-targets v0.52.6
   Compiling async-channel v2.5.0
   Compiling phf_shared v0.11.3
   Compiling which v8.0.6
   Compiling tinyvec v1.13.3
   Compiling quick-error v2.0.1
   Compiling unicode-bidi-mirroring v0.4.0
   Compiling unicode-properties v0.1.4
   Compiling unicode-ccc v0.4.0
   Compiling color_quant v1.1.0
   Compiling memmap2 v0.9.11
   Compiling unicode-script v0.5.8
   Compiling either v1.18.0
   Compiling paste v1.0.15
   Compiling rustybuzz v0.20.1
   Compiling fontdb v0.23.0
   Compiling gpui-pre-util v0.3.6
   Compiling phf_generator v0.11.3
   Compiling icu_normalizer v2.3.0
   Compiling icu_properties v2.3.0
   Compiling windows-sys v0.59.0
   Compiling futures-executor v0.3.34
   Compiling lyon_geom v1.0.19
   Compiling pulp v0.22.3
   Compiling polycool v0.4.0
   Compiling chrono v0.4.45
   Compiling simplecss v0.2.2
   Compiling serde_spanned v1.1.1
   Compiling zune-core v0.5.3
   Compiling byteorder-lite v0.1.0
   Compiling libbz2-rs-sys v0.2.5
   Compiling semver v1.0.28
   Compiling lazy_static v1.5.0
   Compiling toml_writer v1.1.2+spec-1.1.0
   Compiling rustc-hash v2.1.3
   Compiling percent-encoding v2.3.2
   Compiling unicode-vo v0.1.0
   Compiling unicode-segmentation v1.13.3
   Compiling unicode-bidi v0.3.18
   Compiling byteorder v1.5.0
   Compiling ref-cast v1.0.27
   Compiling sha1_smol v1.0.1
   Compiling data-url v0.3.2
   Compiling typenum v1.20.1
   Compiling xmlwriter v0.1.0
   Compiling pico-args v0.5.0
   Compiling base64 v0.22.1
   Compiling hybrid-array v0.4.15
   Compiling uuid v1.26.1
   Compiling convert_case v0.10.0
   Compiling form_urlencoded v1.2.2
   Compiling gpui-pre-collections v0.3.6
   Compiling toml v1.1.6+spec-1.1.0
   Compiling sharded-slab v0.1.7
   Compiling rustc_version v0.4.1
   Compiling bzip2 v0.6.1
   Compiling image-webp v0.2.4
   Compiling zune-jpeg v0.5.15
   Compiling kurbo v0.13.1
   Compiling lyon_path v1.0.19
   Compiling rand_core v0.9.5
   Compiling futures v0.3.34
   Compiling winreg v0.55.0
   Compiling idna_adapter v1.2.2
   Compiling vswhom v0.1.0
   Compiling tracing-log v0.2.0
   Compiling png v0.17.16
   Compiling toml_edit v0.25.15+spec-1.1.0
   Compiling half v2.7.1
   Compiling ppv-lite86 v0.2.21
   Compiling num-complex v0.4.6
   Compiling raw-cpuid v11.6.0
   Compiling nu-ansi-term v0.50.3
   Compiling windows-threading v0.2.1
   Compiling enumn v0.1.14
   Compiling pin-project-internal v1.1.13
   Compiling tracing-attributes v0.1.31
   Compiling ref-cast-impl v1.0.27
   Compiling serde_derive_internals v0.30.0
   Compiling thread_local v1.1.10
   Compiling heck v0.5.0
   Compiling unicode-xid v0.2.6
   Compiling new_debug_unreachable v1.0.6
   Compiling heapless v0.9.3
   Compiling pulp-wasm-simd-flag v0.1.1
   Compiling compression-core v0.4.33
   Compiling reborrow v0.5.5
   Compiling bytes v1.12.1
   Compiling thiserror v1.0.69
   Compiling gpui-pre-ztracing v0.3.6
   Compiling http v1.5.0
   Compiling compression-codecs v0.4.43
   Compiling derive_more-impl v2.1.1
   Compiling schemars_derive v1.2.2
   Compiling tracing-subscriber v0.3.23
   Compiling tracing v0.1.44
   Compiling pin-project v1.1.13
   Compiling accesskit v0.24.1
   Compiling windows-future v0.3.2
   Compiling rand_chacha v0.9.0
   Compiling tiny-skia v0.11.4
   Compiling proc-macro-crate v3.5.0
   Compiling embed-resource v3.0.11
   Compiling idna v1.1.0
   Compiling svgtypes v0.16.1
   Compiling gpui-pre-zlog v0.3.6
   Compiling hash32 v0.3.1
   Compiling rayon v1.12.0
   Compiling string_cache_codegen v0.5.4
   Compiling phf_codegen v0.11.3
   Compiling gif v0.14.2
   Compiling windows-numerics v0.3.1
   Compiling windows-collections v0.3.2
   Compiling encoding_rs v0.8.42
   Compiling spin v0.9.9
   Compiling rgb v0.8.53
   Compiling zune-inflate v0.2.54
   Compiling roxmltree v0.21.1
   Compiling thiserror-impl v1.0.69
   Compiling atomic-waker v1.1.2
   Compiling float_next_after v1.0.0
   Compiling rustix v1.1.5
   Compiling mac v0.1.1
   Compiling lebe v0.5.3
   Compiling static_assertions v1.1.0
   Compiling pxfm v0.1.30
   Compiling imagesize v0.14.0
   Compiling ryu v1.0.23
   Compiling fax v0.2.7
   Compiling rustc-demangle v0.1.28
   Compiling dyn-clone v1.0.20
   Compiling bit_field v0.10.3
   Compiling thiserror v2.0.21
   Compiling gpui-pre-ztracing-macro v0.3.6
   Compiling exr v1.74.2
   Compiling schemars v1.2.2
   Compiling moxcms v0.8.1
   Compiling backtrace v0.3.76
   Compiling tiff v0.11.3
   Compiling serde_urlencoded v0.7.1
   Compiling usvg v0.46.0
   Compiling futf v0.1.5
   Compiling lyon_tessellation v1.0.22
   Compiling piper v0.2.5
   Compiling flume v0.12.0
   Compiling windows v0.62.2
   Compiling markup5ever v0.12.1
   Compiling url v2.5.8
   Compiling gpui-pre v0.3.6
   Compiling rand v0.9.5
   Compiling ignore v0.4.33
   Compiling derive_more v2.1.1
   Compiling async-compression v0.4.48
   Compiling http-body v1.1.0
   Compiling gpui-pre-perf v0.3.6
   Compiling strum_macros v0.28.0
   Compiling lyon_algorithms v1.0.21
   Compiling crypto-common v0.2.2
   Compiling block-buffer v0.12.1
   Compiling png v0.18.1
   Compiling qoi v0.4.1
   Compiling errno v0.3.14
   Compiling crossbeam-queue v0.3.14
   Compiling async-io v2.6.0
   Compiling gpui-pre-derive-refineable v0.3.6
   Compiling profiling-procmacros v1.0.18
   Compiling thiserror-impl v2.0.21
   Compiling fixedbitset v0.5.7
   Compiling utf-8 v0.7.6
   Compiling link-section v0.19.3
   Compiling pollster v0.2.5
   Compiling atomic v0.5.3
   Compiling option-ext v0.2.0
   Compiling svg_fmt v0.4.5
   Compiling linktime-proc-macro v0.2.3
   Compiling web-time v1.1.0
   Compiling smol_str v0.3.6
   Compiling const-oid v0.10.2
   Compiling unicase v2.9.0
   Compiling core_detect v1.0.0
   Compiling precomputed-hash v0.1.1
   Compiling simdutf8 v0.1.5
   Compiling multiversion_no_op v1.0.0
   Compiling string_cache v0.8.9
   Compiling mime_guess v2.0.5
   Compiling digest v0.11.3
   Compiling gpui-pre-shared-string v0.3.6
   Compiling gpui-pre-scheduler v0.3.6
   Compiling ctor v1.0.13
   Compiling etagere v0.2.15
   Compiling dirs-sys v0.5.0
   Compiling postage v0.5.0
   Compiling tendril v0.4.3
   Compiling globwalk v0.8.1
   Compiling futures-concurrency v7.7.1
   Compiling profiling v1.0.18
   Compiling gpui-pre-refineable v0.3.6
   Compiling image v0.25.10
   Compiling lyon v1.0.19
   Compiling strum v0.28.0
   Compiling gpui-pre-util-macros v0.3.6
   Compiling gpui-pre-http-client v0.3.6
   Compiling gpui-pre-sum-tree v0.3.6
   Compiling blocking v1.7.0
   Compiling resvg v0.46.0
   Compiling phf v0.11.3
   Compiling gpui-pre-macros v0.3.6
   Compiling hdrhistogram v7.6.0
   Compiling regex v1.13.1
   Compiling itertools v0.14.0
   Compiling taffy v0.13.0
   Compiling polling v3.11.0
   Compiling toml_datetime v0.6.11
   Compiling serde_spanned v0.6.9
   Compiling spin v0.10.1
   Compiling pollster v0.4.0
   Compiling inventory v0.3.24
   Compiling num_cpus v1.17.0
   Compiling seahash v4.1.0
   Compiling toml_write v0.1.2
   Compiling anstyle v1.0.14
   Compiling unicode-width v0.2.2
   Compiling cpufeatures v0.3.1
   Compiling waker-fn v1.2.0
   Compiling winnow v0.7.15
   Compiling arraydeque v0.5.1
   Compiling raw-window-handle v0.6.2
   Compiling granit-parser v1.3.0
   Compiling toml_edit v0.22.27
   Compiling sha2 v0.11.0
   Compiling annotate-snippets v0.12.16
   Compiling dirs v6.0.0
   Compiling encoding_rs_io v0.1.8
   Compiling windows-result v0.2.0
   Compiling arc-swap v1.9.2
   Compiling html5ever v0.27.0
   Compiling mime v0.3.17
   Compiling nohash-hasher v0.2.0
   Compiling foldhash v0.2.0
   Compiling base64 v0.23.1
   Compiling serde-saphyr v1.3.0
   Compiling hashbrown v0.16.1
   Compiling itertools v0.11.0
   Compiling triomphe v0.1.16
   Compiling windows-registry v0.6.1
   Compiling windows-strings v0.1.0
   Compiling shellexpand v3.1.2
   Compiling rust-embed-utils v8.12.0
   Compiling toml v0.8.23
   Compiling async-lock v3.4.2
   Compiling normpath v1.5.2
   Compiling kurbo v0.11.3
   Compiling windows-interface v0.58.0
   Compiling windows-implement v0.58.0
   Compiling instant v0.1.13
   Compiling base62 v2.2.6
   Compiling gpui-kit-assets v0.6.5 (https://github.com/longbridge/gpui-kit?rev=21622a70efd25219d26aa459164878c4da9e39f8#21622a70)
   Compiling rust-i18n-support v4.2.2
   Compiling windows-core v0.58.0
   Compiling svgtypes v0.15.3
   Compiling rust-i18n v4.2.2
   Compiling async-fs v2.2.0
   Compiling rust-embed-impl v8.12.0
   Compiling gpui-pre-windows v0.3.6
   Compiling accesskit_consumer v0.38.0
   Compiling xml5ever v0.18.1
   Compiling async-net v2.0.0
   Compiling async-process v2.5.0
   Compiling fluent-uri v0.1.4
   Compiling async-executor v1.14.0
   Compiling serde_repr v0.1.21
   Compiling zune-core v0.4.12
   Compiling imagesize v0.13.0
   Compiling glob v0.3.4
   Compiling roxmltree v0.20.0
   Compiling str_indices v0.4.4
   Compiling unicode-id v0.3.7
   Compiling markdown v1.0.0
   Compiling ropey v2.0.0-beta.1
   Compiling usvg v0.45.1
   Compiling rust-i18n-macro v4.2.2
   Compiling zune-jpeg v0.4.21
   Compiling lsp-types v0.97.0
   Compiling smol v2.0.2
   Compiling markup5ever_rcdom v0.3.0
   Compiling accesskit_windows v0.34.0
   Compiling rust-embed v8.12.0
   Compiling windows v0.58.0
   Compiling notify-types v1.0.1
   Compiling windows-sys v0.52.0
   Compiling gif v0.13.3
   Compiling enum-iterator-derive v1.5.0
   Compiling filetime v0.2.29
   Compiling dunce v1.0.5
   Compiling gpui-component v0.6.5 (https://github.com/longbridge/gpui-kit?rev=21622a70efd25219d26aa459164878c4da9e39f8#21622a70)
   Compiling gpui-base v0.6.5 (https://github.com/longbridge/gpui-kit?rev=21622a70efd25219d26aa459164878c4da9e39f8#21622a70)
   Compiling notify v7.0.0
   Compiling enum-iterator v2.3.0
   Compiling resvg v0.45.1
   Compiling gpui-component-macros v0.6.5 (https://github.com/longbridge/gpui-kit?rev=21622a70efd25219d26aa459164878c4da9e39f8#21622a70)
   Compiling itertools v0.13.0
   Compiling gpui-pre-platform v0.3.6
   Compiling gpuidart v0.1.0 (D:\a\gpuidart\gpuidart\native)
   Compiling gpui-kit v0.6.5 (https://github.com/longbridge/gpui-kit?rev=21622a70efd25219d26aa459164878c4da9e39f8#21622a70)
   Compiling libloading v0.8.9
   Compiling gpuidart-launcher v0.1.0 (D:\a\gpuidart\gpuidart\launcher)
warning: linker stdout:    Creating library D:\a\gpuidart\gpuidart\target\release\deps\gpuidart.dll.lib and object D:\a\gpuidart\gpuidart\target\release\deps\gpuidart.dll.exp
  |
  = note: `#[warn(linker_messages)]` on by default

warning: `gpuidart` (lib) generated 1 warning
    Finished `release` profile [optimized] target(s) in 7m 13s
