{"stage":"executable_main","pid":5620,"thread":5620,"main_thread":1,"os":"linux","arch":"x86_64","detail":null}
{"stage":"run_enter","pid":5620,"thread":5620,"main_thread":1,"os":"linux","arch":"x86_64","detail":null}
{"stage":"app_callback","pid":5620,"thread":5620,"main_thread":1,"os":"linux","arch":"x86_64","detail":null}
{"stage":"render","pid":5620,"thread":5620,"main_thread":1,"os":"linux","arch":"x86_64","detail":{"count":1,"size":"Size { 640px × 360px }","scale":1.0}}
{"stage":"render","pid":5620,"thread":5620,"main_thread":1,"os":"linux","arch":"x86_64","detail":{"count":2,"size":"Size { 640px × 360px }","scale":1.0}}
{"stage":"render","pid":5620,"thread":5620,"main_thread":1,"os":"linux","arch":"x86_64","detail":{"count":3,"size":"Size { 640px × 360px }","scale":1.0}}
{"stage":"input_changed","pid":5620,"thread":5620,"main_thread":1,"os":"linux","arch":"x86_64","detail":{"matches_probe_text":false}}
{"stage":"input_changed","pid":5620,"thread":5620,"main_thread":1,"os":"linux","arch":"x86_64","detail":{"matches_probe_text":false}}
{"stage":"input_changed","pid":5620,"thread":5620,"main_thread":1,"os":"linux","arch":"x86_64","detail":{"matches_probe_text":false}}
{"stage":"input_changed","pid":5620,"thread":5620,"main_thread":1,"os":"linux","arch":"x86_64","detail":{"matches_probe_text":false}}
{"stage":"input_changed","pid":5620,"thread":5620,"main_thread":1,"os":"linux","arch":"x86_64","detail":{"matches_probe_text":false}}
{"stage":"input_changed","pid":5620,"thread":5620,"main_thread":1,"os":"linux","arch":"x86_64","detail":{"matches_probe_text":false}}
{"stage":"input_changed","pid":5620,"thread":5620,"main_thread":1,"os":"linux","arch":"x86_64","detail":{"matches_probe_text":false}}
{"stage":"input_changed","pid":5620,"thread":5620,"main_thread":1,"os":"linux","arch":"x86_64","detail":{"matches_probe_text":false}}
{"stage":"input_changed","pid":5620,"thread":5620,"main_thread":1,"os":"linux","arch":"x86_64","detail":{"matches_probe_text":false}}
{"stage":"input_changed","pid":5620,"thread":5620,"main_thread":1,"os":"linux","arch":"x86_64","detail":{"matches_probe_text":true}}
{"stage":"click","pid":5620,"thread":5620,"main_thread":1,"os":"linux","arch":"x86_64","detail":{"count":1}}
{"stage":"resize_requested","pid":5620,"thread":5620,"main_thread":1,"os":"linux","arch":"x86_64","detail":null}
{"stage":"render","pid":5620,"thread":5620,"main_thread":1,"os":"linux","arch":"x86_64","detail":{"count":18,"size":"Size { 720px × 420px }","scale":1.0}}
{"stage":"before_quit","pid":5620,"thread":5620,"main_thread":1,"os":"linux","arch":"x86_64","detail":{"renders":28,"clicks":1,"resized_render":true,"input_matches":true}}
{"stage":"run_return","pid":5620,"thread":5620,"main_thread":1,"os":"linux","arch":"x86_64","detail":{"renders":28,"clicks":1,"resized_render":true,"input_matches":true}}
{"stage":"exit","pid":5620,"thread":5620,"main_thread":1,"os":"linux","arch":"x86_64","detail":{"status":0,"worker":false}}
