> cargo build --locked -p gpuidart -p gpuidart-launcher --release
> /Users/runner/hostedtoolcache/dart/3.13.4/arm64/bin/dart pub get --enforce-lockfile
> /Users/runner/hostedtoolcache/dart/3.13.4/arm64/bin/dart compile exe --define=gpuidart.packaged=true example/watchlist/main.dart -o build/Watchlist-macos-arm64-Sxxipi/Watchlist.app/Contents/MacOS/Watchlist
> chmod 755 build/Watchlist-macos-arm64-Sxxipi/Watchlist.app/Contents/MacOS/Watchlist build/Watchlist-macos-arm64-Sxxipi/Watchlist.app/Contents/MacOS/gpuidart-launcher
> /Users/runner/hostedtoolcache/dart/3.13.4/arm64/bin/dart compile exe tool/unix/verify.dart -o build/Watchlist-macos-arm64-Sxxipi/verify
> codesign --force --sign - build/Watchlist-macos-arm64-Sxxipi/Watchlist.app/Contents/MacOS/libgpuidart.dylib
> codesign --force --sign - build/Watchlist-macos-arm64-Sxxipi/Watchlist.app/Contents/MacOS/gpuidart-launcher
> codesign --force --sign - build/Watchlist-macos-arm64-Sxxipi/Watchlist.app/Contents/MacOS/Watchlist
> codesign --force --sign - build/Watchlist-macos-arm64-Sxxipi/Watchlist.app
> codesign --verify --deep --strict build/Watchlist-macos-arm64-Sxxipi/Watchlist.app
> cargo metadata --locked --offline --filter-platform aarch64-apple-darwin --format-version 1
> /usr/bin/otool -L build/Watchlist-macos-arm64-Sxxipi/Watchlist.app/Contents/MacOS/Watchlist
> /usr/bin/otool -L build/Watchlist-macos-arm64-Sxxipi/Watchlist.app/Contents/MacOS/libgpuidart.dylib
> /usr/bin/otool -L build/Watchlist-macos-arm64-Sxxipi/Watchlist.app/Contents/MacOS/gpuidart-launcher
> /usr/bin/otool -L build/Watchlist-macos-arm64-Sxxipi/verify
> git ls-files --cached --others --exclude-standard -- lib native launcher example tool pubspec.yaml pubspec.lock Cargo.toml Cargo.lock rust-toolchain.toml
> git rev-parse HEAD
> git status --porcelain
> rustc --version
> tar -czf /Users/runner/work/gpuidart/gpuidart/build/Watchlist-macos-arm64.tar.gz -C build/Watchlist-macos-arm64-Sxxipi .
{"package":"/Users/runner/work/gpuidart/gpuidart/build/Watchlist-macos-arm64.tar.gz","sha256":"570f9394406840a64a8149bdb03005ab4a4532a42b3169e844196b11491e1a7b","staging_directory":"/Users/runner/work/gpuidart/gpuidart/build/Watchlist-macos-arm64-Sxxipi"}
