{"stage":"executable_main","pid":5867,"thread":5867,"main_thread":1,"os":"linux","arch":"x86_64","detail":null}
{"stage":"run_enter","pid":5867,"thread":5867,"main_thread":1,"os":"linux","arch":"x86_64","detail":null}
{"stage":"app_callback","pid":5867,"thread":5867,"main_thread":1,"os":"linux","arch":"x86_64","detail":null}
{"stage":"render","pid":5867,"thread":5867,"main_thread":1,"os":"linux","arch":"x86_64","detail":{"count":1,"size":"Size { 640px × 360px }","scale":1.0,"gpu":{"is_software_emulated":true,"device_name":"llvmpipe (LLVM 20.1.2, 256 bits)","driver_name":"llvmpipe","driver_info":"Mesa 25.2.8-0ubuntu0.24.04.2 (LLVM 20.1.2)"}}}
{"stage":"render","pid":5867,"thread":5867,"main_thread":1,"os":"linux","arch":"x86_64","detail":{"count":2,"size":"Size { 640px × 360px }","scale":1.0,"gpu":{"is_software_emulated":true,"device_name":"llvmpipe (LLVM 20.1.2, 256 bits)","driver_name":"llvmpipe","driver_info":"Mesa 25.2.8-0ubuntu0.24.04.2 (LLVM 20.1.2)"}}}
{"stage":"render","pid":5867,"thread":5867,"main_thread":1,"os":"linux","arch":"x86_64","detail":{"count":3,"size":"Size { 640px × 360px }","scale":1.0,"gpu":{"is_software_emulated":true,"device_name":"llvmpipe (LLVM 20.1.2, 256 bits)","driver_name":"llvmpipe","driver_info":"Mesa 25.2.8-0ubuntu0.24.04.2 (LLVM 20.1.2)"}}}
{"stage":"input_changed","pid":5867,"thread":5867,"main_thread":1,"os":"linux","arch":"x86_64","detail":{"matches_probe_text":false}}
{"stage":"input_changed","pid":5867,"thread":5867,"main_thread":1,"os":"linux","arch":"x86_64","detail":{"matches_probe_text":false}}
{"stage":"input_changed","pid":5867,"thread":5867,"main_thread":1,"os":"linux","arch":"x86_64","detail":{"matches_probe_text":false}}
{"stage":"input_changed","pid":5867,"thread":5867,"main_thread":1,"os":"linux","arch":"x86_64","detail":{"matches_probe_text":false}}
{"stage":"input_changed","pid":5867,"thread":5867,"main_thread":1,"os":"linux","arch":"x86_64","detail":{"matches_probe_text":false}}
{"stage":"input_changed","pid":5867,"thread":5867,"main_thread":1,"os":"linux","arch":"x86_64","detail":{"matches_probe_text":false}}
{"stage":"input_changed","pid":5867,"thread":5867,"main_thread":1,"os":"linux","arch":"x86_64","detail":{"matches_probe_text":false}}
{"stage":"input_changed","pid":5867,"thread":5867,"main_thread":1,"os":"linux","arch":"x86_64","detail":{"matches_probe_text":false}}
{"stage":"input_changed","pid":5867,"thread":5867,"main_thread":1,"os":"linux","arch":"x86_64","detail":{"matches_probe_text":false}}
{"stage":"input_changed","pid":5867,"thread":5867,"main_thread":1,"os":"linux","arch":"x86_64","detail":{"matches_probe_text":true}}
{"stage":"click","pid":5867,"thread":5867,"main_thread":1,"os":"linux","arch":"x86_64","detail":{"count":1}}
{"stage":"resize_requested","pid":5867,"thread":5867,"main_thread":1,"os":"linux","arch":"x86_64","detail":null}
{"stage":"resized_render","pid":5867,"thread":5867,"main_thread":1,"os":"linux","arch":"x86_64","detail":{"count":15,"size":"Size { 720px × 420px }"}}
{"stage":"render","pid":5867,"thread":5867,"main_thread":1,"os":"linux","arch":"x86_64","detail":{"count":15,"size":"Size { 720px × 420px }","scale":1.0,"gpu":{"is_software_emulated":true,"device_name":"llvmpipe (LLVM 20.1.2, 256 bits)","driver_name":"llvmpipe","driver_info":"Mesa 25.2.8-0ubuntu0.24.04.2 (LLVM 20.1.2)"}}}
{"stage":"before_quit","pid":5867,"thread":5867,"main_thread":1,"os":"linux","arch":"x86_64","detail":{"renders":15,"clicks":1,"resized_render":true,"input_matches":true}}
{"stage":"run_return","pid":5867,"thread":5867,"main_thread":1,"os":"linux","arch":"x86_64","detail":{"renders":15,"clicks":1,"resized_render":true,"input_matches":true}}
{"stage":"exit","pid":5867,"thread":5867,"main_thread":1,"os":"linux","arch":"x86_64","detail":{"status":0,"worker":false}}
