> git rev-parse HEAD
> git status --porcelain
> rustc --version
> /opt/hostedtoolcache/dart/3.13.4/x64/bin/dart compile exe --define=gpuidart.packaged=true tool/performance/capture_baseline.dart -o /home/runner/work/gpuidart/gpuidart/build/performance/allocation/capture
jit-data-only-0-trace-direct-1: passed=true
jit-library-only-0-trace-direct-1: passed=true
jit-host-0-trace-direct-1: passed=true
jit-data-only-1000-trace-direct-1: passed=true
jit-library-only-1000-trace-direct-1: passed=true
jit-host-1000-trace-direct-1: passed=true
jit-data-only-10000-trace-direct-1: passed=true
jit-library-only-10000-trace-direct-1: passed=true
jit-host-10000-trace-direct-1: passed=true
jit-data-only-100000-trace-direct-1: passed=true
jit-library-only-100000-trace-direct-1: passed=true
jit-host-100000-trace-direct-1: passed=true
aot-data-only-0-trace-direct-1: passed=true
aot-library-only-0-trace-direct-1: passed=true
aot-host-0-trace-direct-1: passed=true
aot-data-only-1000-trace-direct-1: passed=true
aot-library-only-1000-trace-direct-1: passed=true
aot-host-1000-trace-direct-1: passed=true
aot-data-only-10000-trace-direct-1: passed=true
aot-library-only-10000-trace-direct-1: passed=true
aot-host-10000-trace-direct-1: passed=true
aot-data-only-100000-trace-direct-1: passed=true
aot-library-only-100000-trace-direct-1: passed=true
aot-host-100000-trace-direct-1: passed=true
aot-host-0-plain-direct-1: passed=true
aot-host-100000-plain-direct-1: passed=true
aot-host-0-trace-companion-1: passed=true
aot-host-1000-trace-companion-1: passed=true
aot-host-10000-trace-companion-1: passed=true
aot-host-100000-trace-companion-1: passed=true
