> cargo fmt --all --check
> rustfmt --edition 2024 --check test/fixtures/fault_host.rs
> cargo test --locked -p gpuidart

running 53 tests
test datasets::tests::view_columns_must_exist_in_the_dataset ... ok
test protocol::tests::cell_formatting_numbers_rules_and_fallback ... ok
test datasets::tests::record_ids_validate_and_survive_edits ... ok
test datasets::tests::invalid_batch_and_stale_revision_preserve_all_records ... ok
test datasets::tests::initial_upload_rejects_bad_data_and_missing_references ... ok
test protocol::tests::accepts_boundary_style_values ... ok
test protocol::tests::nodes_without_style_behave_as_before ... ok
test protocol::tests::parses_valid_action_bindings ... ok
test protocol::tests::checkbox_validates_types_and_utf8_label_bound ... ok
test protocol::tests::parses_and_validates_table_views ... ok
test protocol::tests::parses_valid_styles_on_every_node_kind ... ok
test protocol::tests::cell_format_rejects_unknown_op_icon_color_and_fields ... ok
test protocol::tests::rejects_ambiguous_retained_identity ... ok
test protocol::tests::rejects_conflicting_keys_in_one_context ... ok
test datasets::tests::cell_format_validates_columns_decimals_and_rule_counts ... ok
test protocol::tests::rejects_dangling_action_context ... ok
test protocol::tests::rejects_duplicate_action_name_and_context ... ok
test protocol::tests::rejects_bare_printable_keys_and_bad_grammar ... ok
test protocol::tests::rejects_inline_table_records ... ok
test protocol::tests::rejects_font_style_on_non_text_nodes ... ok
test protocol::tests::rejects_malformed_hex_colors ... ok
test protocol::tests::rejects_unknown_action_binding_fields ... ok
test protocol::tests::rejects_out_of_bounds_style_values ... ok
test protocol::tests::rejects_unknown_style_fields ... ok
test protocol::tests::rejects_unknown_theme_token ... ok
test protocol::tests::view_index_filters_then_stably_sorts ... ok
test runtime_info::tests::runtime_probe_reports_current_process_loaded_images_and_memory ... ok
test protocol::tests::confirmation_dialog_validates_labels_message_and_types ... ok
test trace::tests::tracing_is_opt_in_bounded_and_preserves_complete_records ... ok
test protocol::tests::slider_rejects_invalid_ranges_and_unrepresentable_steps ... ok
test protocol::tests::rejects_more_than_256_action_bindings ... ok
test protocol::tests::select_validates_option_identity_selection_and_bounds ... ok
test ffi_tests::ffi_rejects_bad_messages_bounds_queues_and_reports_unwind ... ok
test ui::tests::missing_retained_state_returns_an_error ... ok
test input_control::tests::controlled_input_wire_bounds_and_utf16_boundaries ... ok
test ui::input_tests::controlled_input_writes_guard_native_edits_composition_and_generations ... ok
test datasets::tests::one_cell_decode_and_apply_allocations_are_independent_of_dataset_size ... ok
test ui::controls_tests::slider_pointer_keyboard_bounds_disabled_and_retained_focus ... ok
test ui::tests::checkbox_pointer_keyboard_disabled_and_focus_retention ... ok
test ui::tests::formatted_cells_render_and_report ... ok
test ui::tests::scoped_actions_dispatch_by_focus_and_unmatched_keys_type ... ok
test ui::tests::preparation_ack_waits_for_rendered_scroll ... ok
test ui::tests::styled_nodes_render_without_error ... ok
test protocol::tests::cell_formatter_cost_is_measured_at_100k_cells ... ok
test ui::tests::startup_paint_marker_requires_content_paint_and_is_emitted_once ... ok
test ui::tests::narrow_windows_wrap_actions_and_scroll_to_footer ... ok
test ui::controls_tests::select_keyboard_popup_retention_identity_cancel_and_disabled ... ok
test ui::controls_tests::confirmation_dialog_cancel_confirm_retention_disabled_and_removal ... ok
test protocol::tests::view_recompute_at_100k_records_is_measured ... ok
test ui::tests::views_sort_select_anchor_and_recompute ... ok
test ui::tests::native_events_retained_input_and_virtualized_table ... ok
test ui::tests::construction_and_allocations_scale_with_viewport ... ok
test ui::tests::formatted_cells_keep_viewport_constant_construction ... ok

test result: ok. 53 passed; 0 failed; 0 ignored; 0 measured; 0 filtered out; finished in 1.03s


running 0 tests

test result: ok. 0 passed; 0 failed; 0 ignored; 0 measured; 0 filtered out; finished in 0.00s

> cargo test --locked -p gpuidart --lib --features snapshot-experiment experiment

running 3 tests
test experiment::model::tests::staged_patches_are_atomic_and_resync_requires_an_advancing_revision ... ok
test experiment::model::tests::subview_reordering_preserves_ownership_but_reparenting_is_explicitly_rejected ... ok
test ui::experiment::tests::strategies_lay_out_the_same_controls_and_text ... ok

test result: ok. 3 passed; 0 failed; 0 ignored; 0 measured; 53 filtered out; finished in 0.06s

> cargo build --locked -p gpuidart-launcher
> D:\Dev\flutter\bin\cache\dart-sdk\bin\dart.exe format --output=none --set-exit-if-changed lib test
Formatted 38 files (0 changed) in 0.09 seconds.
> D:\Dev\flutter\bin\cache\dart-sdk\bin\dart.exe analyze --fatal-infos
Analyzing gpuidart...
No issues found!
> rustc --edition=2024 --crate-type cdylib -A private_interfaces test/fixtures/fault_host.rs -o .cache/fault_host.dll
> D:\Dev\flutter\bin\cache\dart-sdk\bin\dart.exe test --exclude-tags live-window
00:00 +0: loading test\action_test.dart
00:00 +0: test\action_test.dart: action serializes to the wire shape
00:00 +1: test\action_test.dart: action validates nonempty name, keys and context ID
00:00 +2: loading test\controls_test.dart
00:00 +2: test\controls_test.dart: confirmation dialog encodes labels, styles and bounded content
00:00 +3: test\controls_test.dart: dialog results require a boolean confirmation
00:00 +4: test\controls_test.dart: select freezes options and encodes separate identities and labels
00:00 +5: test\controls_test.dart: select events require a nullable selected ID
00:00 +6: test\controls_test.dart: slider validates native bounds and serializes theme styles
00:00 +7: test\controls_test.dart: slider events reject malformed and unbounded values
00:00 +8: test\controls_test.dart: checkbox wire preserves value, disabled state and theme styling
00:00 +9: test\controls_test.dart: checkbox requests require a boolean and source identity
00:00 +10: loading test\dev_session_test.dart
00:00 +10: test\dev_session_test.dart: service discovery waits through empty and partial JSON writes
00:00 +11: test\dev_session_test.dart: service discovery reports early process exit
00:00 +12: test\dev_session_test.dart: service discovery stops waiting for an incomplete file at its deadline
00:00 +13: loading test\format_test.dart
00:00 +13: test\format_test.dart: column format serializes to the wire shape
00:00 +14: test\format_test.dart: column format validates decimals and rule counts
00:00 +15: test\format_test.dart: datasets validate format column indices against their width
00:00 +16: loading test\host_fault_test.dart
00:01 +16: test\host_fault_test.dart: (setUpAll)
00:01 +16: test\host_fault_test.dart: missing ready acknowledgement closes and releases startup
00:01 +17: test\host_fault_test.dart: malformed event fails all pending requests and closes the host
00:01 +18: test\host_fault_test.dart: drop_snapshot reports a deadline and stops further transactions
00:02 +19: test\host_fault_test.dart: drop_dataset reports a deadline and stops further transactions
00:02 +20: test\host_fault_test.dart: drop_diagnostic reports a deadline and stops further transactions
00:03 +21: test\host_fault_test.dart: drop_input reports a deadline and stops further transactions
00:03 +22: test\host_fault_test.dart: mismatch_input settles input requests and closes the host
00:03 +23: test\host_fault_test.dart: wrong_input_operation settles input requests and closes the host
00:03 +24: test\host_fault_test.dart: malformed_input settles input requests and closes the host
00:03 +25: test\host_fault_test.dart: mismatched dataset acknowledgement never commits Dart state
00:03 +26: test\host_fault_test.dart: native failure after ready preserves the error while draining closed
00:03 +27: test\host_fault_test.dart: caught panic during snapshot submission closes the host
00:03 +28: test\host_fault_test.dart: caught panic during dataset submission closes the host
00:03 +29: test\host_fault_test.dart: caught panic during diagnostic submission closes the host
00:03 +30: test\host_fault_test.dart: caught panic during input submission closes the host
00:03 +31: test\host_fault_test.dart: runner exit without closed has a bounded failure
00:03 +32: test\host_fault_test.dart: shutdown deadline retains memory until the native loop returns
00:04 +33: test\host_fault_test.dart: (tearDownAll)
00:04 +33: loading test\input_state_test.dart
00:04 +33: test\input_state_test.dart: controlled mode is opt-in and UTF-16 state is immutable
00:04 +34: test\input_state_test.dart: writes validate scalar boundaries, size and required content
00:04 +35: test\input_state_test.dart: malformed states and inconsistent acknowledgements fail at the boundary
00:04 +36: loading test\model_test.dart
00:05 +36: test\model_test.dart: dataset snapshots caller-owned lists and rejects invalid schemas
00:05 +37: test\model_test.dart: snapshot encoding retains table references without publishing records
00:05 +38: test\model_test.dart: window rejects invalid dimensions before FFI
00:05 +39: loading test\native_event_test.dart
00:05 +39: test\native_event_test.dart: rejects invalid UTF-8, JSON, envelopes and required field types
00:05 +40: test\native_event_test.dart: preserves Unicode and tracing fields; decoded events are immutable
00:05 +41: loading test\style_test.dart
00:05 +41: test\style_test.dart: nodes omit the style key when no style is set
00:05 +42: test\style_test.dart: style serializes to the wire shape
00:05 +43: test\style_test.dart: style rides along on every node kind
00:05 +44: test\style_test.dart: hex colors validate format eagerly
00:05 +45: test\style_test.dart: token enum covers exactly the documented wire names
00:05 +46: test\style_test.dart: padding must list four edges
00:05 +47: loading test\table_view_test.dart
00:05 +47: test\table_view_test.dart: table view serializes to the wire shape and omits empty lists
00:05 +48: test\table_view_test.dart: table view validates term counts and column indices
00:05 +49: test\table_view_test.dart: dataset record IDs validate eagerly and read back by row
00:05 +50: loading test\tracing_test.dart
00:05 +50: test\tracing_test.dart: application spans are bounded and preserve exceptions
00:05 +51: test\tracing_test.dart: tracing needs optional exports and cannot reuse a host attempt
00:05 +52: loading test\windows_preparation_test.dart
00:05 +52: test\windows_preparation_test.dart: Sandbox preparation uses the case-sensitive vGPU element
> powershell.exe -NoProfile -File tool/prepare_windows_release_checks.ps1 -Zip D:\Dev\gpuidart\.cache\sandbox-preparation-472b7228/empty.zip -VGpu Enable
> powershell.exe -NoProfile -File tool/prepare_windows_release_checks.ps1 -Zip D:\Dev\gpuidart\.cache\sandbox-preparation-472b7228/empty.zip -VGpu Disable
00:07 +53: All tests passed!
