I2026-09-26 05:10:20.022105 instance.cpp:1346] Override Enabled Addons: {}
I2026-09-26 05:10:20.022134 instance.cpp:1347] Override Disabled Addons: {wayland}
I2026-09-26 05:10:20.025136 xcbconnection.cpp:189] Connecting to X11 display, display name::0.
I2026-09-26 05:10:20.025286 addonmanager.cpp:195] Loaded addon xcb
I2026-09-26 05:10:20.026307 addonmanager.cpp:195] Loaded addon quickphrase
I2026-09-26 05:10:20.026455 addonmanager.cpp:195] Loaded addon imselector
I2026-09-26 05:10:20.030369 addonmanager.cpp:195] Loaded addon keyboard
I2026-09-26 05:10:20.033066 addonmanager.cpp:195] Loaded addon clipboard
I2026-09-26 05:10:20.033254 addonmanager.cpp:195] Loaded addon unicode
I2026-09-26 05:10:20.034567 addonmanager.cpp:195] Loaded addon dbus
I2026-09-26 05:10:20.036138 addonmanager.cpp:195] Loaded addon dbusfrontend
I2026-09-26 05:10:20.050287 addonmanager.cpp:195] Loaded addon fcitx4frontend
I2026-09-26 05:10:20.051259 addonmanager.cpp:195] Loaded addon ibusfrontend
I2026-09-26 05:10:20.051877 addonmanager.cpp:195] Loaded addon xim
I2026-09-26 05:10:20.086318 inputmethodmanager.cpp:190] Found 737 input method(s) in addon keyboard
I2026-09-26 05:10:20.099981 addonmanager.cpp:195] Loaded addon kimpanel
I2026-09-26 05:10:20.100412 addonmanager.cpp:195] Loaded addon virtualkeyboard
I2026-09-26 05:10:20.115648 classicui.cpp:66] Created classicui for x11 display::0
I2026-09-26 05:10:20.115668 addonmanager.cpp:195] Loaded addon classicui
I2026-09-26 05:10:20.116061 addonmanager.cpp:195] Loaded addon notificationitem
I2026-09-26 05:10:20.116464 addonmanager.cpp:195] Loaded addon notifications
I2026-09-26 05:10:20.121198 kimpanel.cpp:116] Kimpanel new owner: 
I2026-09-26 05:10:20.121247 virtualkeyboard.cpp:223] VirtualKeyboard new owner: 
E2026-09-26 05:10:20.121730 portalsettingmonitor.cpp:115] DBus call error: org.freedesktop.DBus.Error.ServiceUnknown The name org.freedesktop.portal.Desktop was not provided by any .service files
I2026-09-26 05:10:21.416087 addonmanager.cpp:195] Loaded addon mozc
