I2026-09-26 04:59:21.701799 instance.cpp:1346] Override Enabled Addons: {}
I2026-09-26 04:59:21.701825 instance.cpp:1347] Override Disabled Addons: {wayland}
I2026-09-26 04:59:21.704907 xcbconnection.cpp:189] Connecting to X11 display, display name::0.
I2026-09-26 04:59:21.705184 addonmanager.cpp:195] Loaded addon xcb
I2026-09-26 04:59:21.706079 addonmanager.cpp:195] Loaded addon quickphrase
I2026-09-26 04:59:21.706230 addonmanager.cpp:195] Loaded addon imselector
I2026-09-26 04:59:21.709710 addonmanager.cpp:195] Loaded addon keyboard
I2026-09-26 04:59:21.710362 addonmanager.cpp:195] Loaded addon clipboard
I2026-09-26 04:59:21.710547 addonmanager.cpp:195] Loaded addon unicode
I2026-09-26 04:59:21.711800 addonmanager.cpp:195] Loaded addon dbus
I2026-09-26 04:59:21.712906 addonmanager.cpp:195] Loaded addon dbusfrontend
I2026-09-26 04:59:21.773317 addonmanager.cpp:195] Loaded addon fcitx4frontend
I2026-09-26 04:59:21.776544 addonmanager.cpp:195] Loaded addon ibusfrontend
E2026-09-26 04:59:21.778017 xim.cpp:137] Failed to open xim, retrying.
I2026-09-26 04:59:22.780664 addonmanager.cpp:195] Loaded addon xim
I2026-09-26 04:59:22.822801 inputmethodmanager.cpp:190] Found 737 input method(s) in addon keyboard
I2026-09-26 04:59:22.836899 addonmanager.cpp:195] Loaded addon kimpanel
I2026-09-26 04:59:22.837310 addonmanager.cpp:195] Loaded addon virtualkeyboard
I2026-09-26 04:59:22.851278 classicui.cpp:66] Created classicui for x11 display::0
I2026-09-26 04:59:22.851291 addonmanager.cpp:195] Loaded addon classicui
I2026-09-26 04:59:22.852208 addonmanager.cpp:195] Loaded addon notificationitem
I2026-09-26 04:59:22.852580 addonmanager.cpp:195] Loaded addon notifications
I2026-09-26 04:59:22.899041 kimpanel.cpp:116] Kimpanel new owner: 
I2026-09-26 04:59:22.899089 virtualkeyboard.cpp:223] VirtualKeyboard new owner: 
E2026-09-26 04:59:22.899167 portalsettingmonitor.cpp:115] DBus call error: org.freedesktop.DBus.Error.ServiceUnknown The name org.freedesktop.portal.Desktop was not provided by any .service files
I2026-09-26 04:59:23.946733 addonmanager.cpp:195] Loaded addon mozc
I2026-09-26 05:09:50.620493 dbusmodule.cpp:782] Disconnected from DBus, exiting...
W2026-09-26 05:09:50.623926 xcbeventreader.cpp:51] XCB connection ":0" got error: 1
I2026-09-26 05:09:50.670515 addonmanager.cpp:298] Unloading addon mozc
I2026-09-26 05:09:50.670710 addonmanager.cpp:298] Unloading addon notifications
I2026-09-26 05:09:50.670779 addonmanager.cpp:298] Unloading addon notificationitem
I2026-09-26 05:09:50.670811 addonmanager.cpp:298] Unloading addon classicui
I2026-09-26 05:09:50.672504 addonmanager.cpp:298] Unloading addon virtualkeyboard
I2026-09-26 05:09:50.672531 addonmanager.cpp:298] Unloading addon kimpanel
I2026-09-26 05:09:50.672567 addonmanager.cpp:298] Unloading addon xim
I2026-09-26 05:09:50.672592 addonmanager.cpp:298] Unloading addon ibusfrontend
I2026-09-26 05:09:50.725437 addonmanager.cpp:298] Unloading addon fcitx4frontend
I2026-09-26 05:09:50.725560 addonmanager.cpp:298] Unloading addon dbusfrontend
I2026-09-26 05:09:50.725601 addonmanager.cpp:298] Unloading addon dbus
I2026-09-26 05:09:50.725650 addonmanager.cpp:298] Unloading addon unicode
I2026-09-26 05:09:50.725685 addonmanager.cpp:298] Unloading addon clipboard
I2026-09-26 05:09:50.725722 addonmanager.cpp:298] Unloading addon keyboard
I2026-09-26 05:09:50.725835 addonmanager.cpp:298] Unloading addon imselector
I2026-09-26 05:09:50.725850 addonmanager.cpp:298] Unloading addon quickphrase
I2026-09-26 05:09:50.726010 addonmanager.cpp:298] Unloading addon xcb
