{"stage":"executable_main","pid":8251,"thread":29986,"main_thread":1,"os":"macos","arch":"aarch64","detail":null}
{"stage":"run_enter","pid":8251,"thread":29986,"main_thread":1,"os":"macos","arch":"aarch64","detail":null}
{"stage":"app_callback","pid":8251,"thread":29986,"main_thread":1,"os":"macos","arch":"aarch64","detail":null}
{"stage":"render","pid":8251,"thread":29986,"main_thread":1,"os":"macos","arch":"aarch64","detail":{"count":1,"size":"Size { 640px × 361px }","scale":1.0,"gpu":null}}
{"stage":"render","pid":8251,"thread":29986,"main_thread":1,"os":"macos","arch":"aarch64","detail":{"count":2,"size":"Size { 640px × 361px }","scale":1.0,"gpu":null}}
{"stage":"render","pid":8251,"thread":29986,"main_thread":1,"os":"macos","arch":"aarch64","detail":{"count":3,"size":"Size { 640px × 361px }","scale":1.0,"gpu":null}}
{"stage":"resize_requested","pid":8251,"thread":29986,"main_thread":1,"os":"macos","arch":"aarch64","detail":null}
{"stage":"render","pid":8251,"thread":29986,"main_thread":1,"os":"macos","arch":"aarch64","detail":{"count":4,"size":"Size { 720px × 420px }","scale":1.0,"gpu":null}}
{"stage":"click","pid":8251,"thread":29986,"main_thread":1,"os":"macos","arch":"aarch64","detail":{"count":1}}
{"stage":"gpui_input_dispatched","pid":8251,"thread":29986,"main_thread":1,"os":"macos","arch":"aarch64","detail":{"scope":"Synthetic GPUI events on a real window; bypasses OS event injection and IME"}}
{"stage":"input_changed","pid":8251,"thread":29986,"main_thread":1,"os":"macos","arch":"aarch64","detail":{"matches_probe_text":true}}
{"stage":"input_changed","pid":8251,"thread":29986,"main_thread":1,"os":"macos","arch":"aarch64","detail":{"matches_probe_text":true}}
{"stage":"input_changed","pid":8251,"thread":29986,"main_thread":1,"os":"macos","arch":"aarch64","detail":{"matches_probe_text":true}}
{"stage":"input_changed","pid":8251,"thread":29986,"main_thread":1,"os":"macos","arch":"aarch64","detail":{"matches_probe_text":true}}
{"stage":"input_changed","pid":8251,"thread":29986,"main_thread":1,"os":"macos","arch":"aarch64","detail":{"matches_probe_text":true}}
{"stage":"input_changed","pid":8251,"thread":29986,"main_thread":1,"os":"macos","arch":"aarch64","detail":{"matches_probe_text":true}}
{"stage":"input_changed","pid":8251,"thread":29986,"main_thread":1,"os":"macos","arch":"aarch64","detail":{"matches_probe_text":true}}
{"stage":"input_changed","pid":8251,"thread":29986,"main_thread":1,"os":"macos","arch":"aarch64","detail":{"matches_probe_text":true}}
{"stage":"input_changed","pid":8251,"thread":29986,"main_thread":1,"os":"macos","arch":"aarch64","detail":{"matches_probe_text":true}}
{"stage":"input_changed","pid":8251,"thread":29986,"main_thread":1,"os":"macos","arch":"aarch64","detail":{"matches_probe_text":true}}
{"stage":"before_quit","pid":8251,"thread":29986,"main_thread":1,"os":"macos","arch":"aarch64","detail":{"renders":31,"clicks":1,"resized_render":true,"input_matches":true}}
