{"stage":"dart_application_thread","detail":{"pid":5682,"thread":5685,"main_thread":0},"dart":"3.13.4 (stable) (Tue Sep 15 01:01:15 2026 -0700) on \"linux_x64\"","os":"linux","executable":"/home/runner/work/gpuidart/gpuidart/build/platform-probe/probe"}
{"stage":"dart_runner_thread","detail":{"pid":5682,"thread":5685,"main_thread":0},"dart":"3.13.4 (stable) (Tue Sep 15 01:01:15 2026 -0700) on \"linux_x64\"","os":"linux","executable":"/home/runner/work/gpuidart/gpuidart/build/platform-probe/probe"}
{"stage":"run_enter","pid":5682,"thread":5685,"main_thread":0,"os":"linux","arch":"x86_64","detail":null}
{"stage":"app_callback","pid":5682,"thread":5685,"main_thread":0,"os":"linux","arch":"x86_64","detail":null}
{"stage":"render","pid":5682,"thread":5685,"main_thread":0,"os":"linux","arch":"x86_64","detail":{"count":1,"size":"Size { 640px × 360px }","scale":1.0}}
{"stage":"dart_callback","detail":{"value":1,"pid":5682,"thread":5686,"main_thread":0},"dart":"3.13.4 (stable) (Tue Sep 15 01:01:15 2026 -0700) on \"linux_x64\"","os":"linux","executable":"/home/runner/work/gpuidart/gpuidart/build/platform-probe/probe"}
{"stage":"render","pid":5682,"thread":5685,"main_thread":0,"os":"linux","arch":"x86_64","detail":{"count":2,"size":"Size { 640px × 360px }","scale":1.0}}
{"stage":"signal_received","pid":5682,"thread":5685,"main_thread":0,"os":"linux","arch":"x86_64","detail":{"value":7}}
{"stage":"dart_callback","detail":{"value":7,"pid":5682,"thread":5686,"main_thread":0},"dart":"3.13.4 (stable) (Tue Sep 15 01:01:15 2026 -0700) on \"linux_x64\"","os":"linux","executable":"/home/runner/work/gpuidart/gpuidart/build/platform-probe/probe"}
{"stage":"render","pid":5682,"thread":5685,"main_thread":0,"os":"linux","arch":"x86_64","detail":{"count":3,"size":"Size { 640px × 360px }","scale":1.0}}
{"stage":"input_changed","pid":5682,"thread":5685,"main_thread":0,"os":"linux","arch":"x86_64","detail":{"matches_probe_text":false}}
{"stage":"input_changed","pid":5682,"thread":5685,"main_thread":0,"os":"linux","arch":"x86_64","detail":{"matches_probe_text":false}}
{"stage":"input_changed","pid":5682,"thread":5685,"main_thread":0,"os":"linux","arch":"x86_64","detail":{"matches_probe_text":false}}
{"stage":"resize_requested","pid":5682,"thread":5685,"main_thread":0,"os":"linux","arch":"x86_64","detail":null}
{"stage":"render","pid":5682,"thread":5685,"main_thread":0,"os":"linux","arch":"x86_64","detail":{"count":9,"size":"Size { 720px × 420px }","scale":1.0}}
{"stage":"input_changed","pid":5682,"thread":5685,"main_thread":0,"os":"linux","arch":"x86_64","detail":{"matches_probe_text":false}}
{"stage":"input_changed","pid":5682,"thread":5685,"main_thread":0,"os":"linux","arch":"x86_64","detail":{"matches_probe_text":false}}
{"stage":"input_changed","pid":5682,"thread":5685,"main_thread":0,"os":"linux","arch":"x86_64","detail":{"matches_probe_text":false}}
{"stage":"input_changed","pid":5682,"thread":5685,"main_thread":0,"os":"linux","arch":"x86_64","detail":{"matches_probe_text":false}}
{"stage":"input_changed","pid":5682,"thread":5685,"main_thread":0,"os":"linux","arch":"x86_64","detail":{"matches_probe_text":false}}
{"stage":"input_changed","pid":5682,"thread":5685,"main_thread":0,"os":"linux","arch":"x86_64","detail":{"matches_probe_text":false}}
{"stage":"input_changed","pid":5682,"thread":5685,"main_thread":0,"os":"linux","arch":"x86_64","detail":{"matches_probe_text":true}}
{"stage":"click","pid":5682,"thread":5685,"main_thread":0,"os":"linux","arch":"x86_64","detail":{"count":1}}
{"stage":"before_quit","pid":5682,"thread":5685,"main_thread":0,"os":"linux","arch":"x86_64","detail":{"renders":27,"clicks":1,"resized_render":true,"input_matches":true}}
{"stage":"run_return","pid":5682,"thread":5685,"main_thread":0,"os":"linux","arch":"x86_64","detail":{"renders":27,"clicks":1,"resized_render":true,"input_matches":true}}
{"stage":"dart_complete","detail":{"status":0,"callbacks":[1,7],"heartbeat_ticks":302,"elapsed_ms":6058},"dart":"3.13.4 (stable) (Tue Sep 15 01:01:15 2026 -0700) on \"linux_x64\"","os":"linux","executable":"/home/runner/work/gpuidart/gpuidart/build/platform-probe/probe"}
