I2026-09-26 04:54:55.273116 instance.cpp:1346] Override Enabled Addons: {}
I2026-09-26 04:54:55.273198 instance.cpp:1347] Override Disabled Addons: {wayland}
I2026-09-26 04:54:55.276474 xcbconnection.cpp:189] Connecting to X11 display, display name::0.
I2026-09-26 04:54:55.276729 addonmanager.cpp:195] Loaded addon xcb
I2026-09-26 04:54:55.277775 addonmanager.cpp:195] Loaded addon quickphrase
I2026-09-26 04:54:55.277892 addonmanager.cpp:195] Loaded addon imselector
I2026-09-26 04:54:55.283780 addonmanager.cpp:195] Loaded addon keyboard
I2026-09-26 04:54:55.284196 addonmanager.cpp:195] Loaded addon clipboard
I2026-09-26 04:54:55.284324 addonmanager.cpp:195] Loaded addon unicode
I2026-09-26 04:54:55.286402 addonmanager.cpp:195] Loaded addon dbus
I2026-09-26 04:54:55.286850 addonmanager.cpp:195] Loaded addon dbusfrontend
I2026-09-26 04:54:55.372397 addonmanager.cpp:195] Loaded addon fcitx4frontend
I2026-09-26 04:54:55.374205 addonmanager.cpp:195] Loaded addon ibusfrontend
I2026-09-26 04:54:55.376180 addonmanager.cpp:195] Loaded addon xim
I2026-09-26 04:54:55.423909 inputmethodmanager.cpp:190] Found 737 input method(s) in addon keyboard
I2026-09-26 04:54:55.444375 addonmanager.cpp:195] Loaded addon kimpanel
I2026-09-26 04:54:55.444657 addonmanager.cpp:195] Loaded addon virtualkeyboard
I2026-09-26 04:54:55.464592 classicui.cpp:66] Created classicui for x11 display::0
I2026-09-26 04:54:55.464624 addonmanager.cpp:195] Loaded addon classicui
I2026-09-26 04:54:55.467042 addonmanager.cpp:195] Loaded addon notificationitem
I2026-09-26 04:54:55.467466 addonmanager.cpp:195] Loaded addon notifications
I2026-09-26 04:54:55.480591 kimpanel.cpp:116] Kimpanel new owner: 
I2026-09-26 04:54:55.480644 virtualkeyboard.cpp:223] VirtualKeyboard new owner: 
E2026-09-26 04:54:55.480730 portalsettingmonitor.cpp:115] DBus call error: org.freedesktop.DBus.Error.ServiceUnknown The name org.freedesktop.portal.Desktop was not provided by any .service files
I2026-09-26 04:54:56.682422 addonmanager.cpp:195] Loaded addon mozc
I2026-09-26 04:59:21.803204 addonmanager.cpp:298] Unloading addon mozc
I2026-09-26 04:59:21.803439 addonmanager.cpp:298] Unloading addon notifications
I2026-09-26 04:59:21.803501 addonmanager.cpp:298] Unloading addon notificationitem
I2026-09-26 04:59:21.803560 addonmanager.cpp:298] Unloading addon classicui
I2026-09-26 04:59:21.805624 addonmanager.cpp:298] Unloading addon virtualkeyboard
I2026-09-26 04:59:21.805672 addonmanager.cpp:298] Unloading addon kimpanel
I2026-09-26 04:59:21.805735 addonmanager.cpp:298] Unloading addon xim
I2026-09-26 04:59:21.805856 addonmanager.cpp:298] Unloading addon ibusfrontend
I2026-09-26 04:59:21.827866 addonmanager.cpp:298] Unloading addon fcitx4frontend
I2026-09-26 04:59:21.827946 addonmanager.cpp:298] Unloading addon dbusfrontend
I2026-09-26 04:59:21.828008 addonmanager.cpp:298] Unloading addon dbus
I2026-09-26 04:59:21.828061 addonmanager.cpp:298] Unloading addon unicode
I2026-09-26 04:59:21.828141 addonmanager.cpp:298] Unloading addon clipboard
I2026-09-26 04:59:21.828178 addonmanager.cpp:298] Unloading addon keyboard
I2026-09-26 04:59:21.828408 addonmanager.cpp:298] Unloading addon imselector
I2026-09-26 04:59:21.828427 addonmanager.cpp:298] Unloading addon quickphrase
I2026-09-26 04:59:21.828732 addonmanager.cpp:298] Unloading addon xcb
