   Compiling vswhom-sys v0.1.3
   Compiling vswhom v0.1.0
   Compiling embed-resource v3.0.11
   Compiling gpui-pre v0.3.6
   Compiling gpui-kit-assets v0.6.5 (https://github.com/longbridge/gpui-kit?rev=21622a70efd25219d26aa459164878c4da9e39f8#21622a70)
   Compiling gpui-pre-windows v0.3.6
   Compiling gpui-base v0.6.5 (https://github.com/longbridge/gpui-kit?rev=21622a70efd25219d26aa459164878c4da9e39f8#21622a70)
   Compiling gpui-pre-platform v0.3.6
   Compiling gpui-component v0.6.5 (https://github.com/longbridge/gpui-kit?rev=21622a70efd25219d26aa459164878c4da9e39f8#21622a70)
   Compiling gpui-kit v0.6.5 (https://github.com/longbridge/gpui-kit?rev=21622a70efd25219d26aa459164878c4da9e39f8#21622a70)
   Compiling gpuidart v0.1.0 (D:\Dev\gpuidart\native)
warning: linker stdout:    Creating library D:\Dev\gpuidart\target\debug\deps\gpuidart.dll.lib and object D:\Dev\gpuidart\target\debug\deps\gpuidart.dll.exp
  |
  = note: `#[warn(linker_messages)]` on by default

warning: `gpuidart` (lib) generated 1 warning
    Finished `test` profile [unoptimized] target(s) in 1m 19s
     Running unittests src\lib.rs (target\debug\deps\gpuidart-bc5b9e3bed0a18c4.exe)
   Doc-tests gpuidart
    Finished `dev` profile [unoptimized] target(s) in 0.37s
   Compiling gpui-pre v0.3.6
   Compiling gpui-base v0.6.5 (https://github.com/longbridge/gpui-kit?rev=21622a70efd25219d26aa459164878c4da9e39f8#21622a70)
   Compiling gpui-pre-windows v0.3.6
   Compiling gpui-kit-assets v0.6.5 (https://github.com/longbridge/gpui-kit?rev=21622a70efd25219d26aa459164878c4da9e39f8#21622a70)
   Compiling gpui-pre-platform v0.3.6
   Compiling gpui-component v0.6.5 (https://github.com/longbridge/gpui-kit?rev=21622a70efd25219d26aa459164878c4da9e39f8#21622a70)
   Compiling gpui-kit v0.6.5 (https://github.com/longbridge/gpui-kit?rev=21622a70efd25219d26aa459164878c4da9e39f8#21622a70)
   Compiling gpuidart v0.1.0 (D:\Dev\gpuidart\native)
warning: linker stdout:    Creating library D:\Dev\gpuidart\target\debug\deps\gpuidart.dll.lib and object D:\Dev\gpuidart\target\debug\deps\gpuidart.dll.exp
  |
  = note: `#[warn(linker_messages)]` on by default

warning: `gpuidart` (lib) generated 1 warning
    Finished `dev` profile [unoptimized] target(s) in 1m 10s

