> cargo fmt --all --check
> rustfmt --edition 2024 --check test/fixtures/fault_host.rs
> cargo test --locked -p gpuidart

running 41 tests
test datasets::tests::view_columns_must_exist_in_the_dataset ... ok
test protocol::tests::cell_formatting_numbers_rules_and_fallback ... ok
test protocol::tests::accepts_boundary_style_values ... ok
test datasets::tests::initial_upload_rejects_bad_data_and_missing_references ... ok
test datasets::tests::invalid_batch_and_stale_revision_preserve_all_records ... ok
test protocol::tests::rejects_ambiguous_retained_identity ... ok
test datasets::tests::record_ids_validate_and_survive_edits ... ok
test protocol::tests::parses_and_validates_table_views ... ok
test protocol::tests::parses_valid_action_bindings ... ok
test protocol::tests::cell_format_rejects_unknown_op_icon_color_and_fields ... ok
test protocol::tests::parses_valid_styles_on_every_node_kind ... ok
test protocol::tests::nodes_without_style_behave_as_before ... ok
test protocol::tests::rejects_conflicting_keys_in_one_context ... ok
test protocol::tests::rejects_dangling_action_context ... ok
test datasets::tests::cell_format_validates_columns_decimals_and_rule_counts ... ok
test protocol::tests::rejects_duplicate_action_name_and_context ... ok
test protocol::tests::rejects_bare_printable_keys_and_bad_grammar ... ok
test protocol::tests::rejects_font_style_on_non_text_nodes ... ok
test protocol::tests::rejects_inline_table_records ... ok
test protocol::tests::rejects_malformed_hex_colors ... ok
test protocol::tests::rejects_unknown_action_binding_fields ... ok
test protocol::tests::rejects_unknown_style_fields ... ok
test protocol::tests::rejects_out_of_bounds_style_values ... ok
test protocol::tests::rejects_unknown_theme_token ... ok
test protocol::tests::view_index_filters_then_stably_sorts ... ok
test trace::tests::tracing_is_opt_in_bounded_and_preserves_complete_records ... ok
test protocol::tests::rejects_more_than_256_action_bindings ... ok
test ffi_tests::ffi_rejects_bad_messages_bounds_queues_and_reports_unwind ... ok
test ui::tests::missing_retained_state_returns_an_error ... ok
test ui::tests::styled_nodes_render_without_error ... ok
test ui::tests::formatted_cells_render_and_report ... ok
test datasets::tests::one_cell_decode_and_apply_allocations_are_independent_of_dataset_size ... ok
test ui::tests::scoped_actions_dispatch_by_focus_and_unmatched_keys_type ... ok
test ui::tests::preparation_ack_waits_for_rendered_scroll ... ok
test protocol::tests::cell_formatter_cost_is_measured_at_100k_cells ... ok
test ui::tests::narrow_windows_wrap_actions_and_scroll_to_footer ... ok
test protocol::tests::view_recompute_at_100k_records_is_measured ... ok
test ui::tests::views_sort_select_anchor_and_recompute ... ok
test ui::tests::native_events_retained_input_and_virtualized_table ... ok
test ui::tests::construction_and_allocations_scale_with_viewport ... ok
test ui::tests::formatted_cells_keep_viewport_constant_construction ... ok

test result: ok. 41 passed; 0 failed; 0 ignored; 0 measured; 0 filtered out; finished in 1.02s


running 0 tests

test result: ok. 0 passed; 0 failed; 0 ignored; 0 measured; 0 filtered out; finished in 0.00s

> cargo build --locked -p gpuidart-launcher
> cargo build --locked -p gpuidart
> D:\Dev\flutter\bin\cache\dart-sdk\bin\dart.exe format --output=none --set-exit-if-changed lib test
Formatted 33 files (0 changed) in 0.10 seconds.
> D:\Dev\flutter\bin\cache\dart-sdk\bin\dart.exe analyze --fatal-infos
Analyzing gpuidart...
No issues found!
> rustc --edition=2024 --crate-type cdylib -A private_interfaces test/fixtures/fault_host.rs -o .cache/fault_host.dll
> D:\Dev\flutter\bin\cache\dart-sdk\bin\dart.exe test
00:00 +0: loading test\action_test.dart
00:00 +0: test\action_test.dart: action serializes to the wire shape
00:00 +1: test\action_test.dart: action validates nonempty name, keys and context ID
00:00 +2: loading test\dev_session_test.dart
00:00 +2: test\dev_session_test.dart: service discovery waits through empty and partial JSON writes
00:00 +3: test\dev_session_test.dart: service discovery reports early process exit
00:00 +4: test\dev_session_test.dart: service discovery stops waiting for an incomplete file at its deadline
00:00 +5: loading test\format_test.dart
00:00 +5: test\format_test.dart: column format serializes to the wire shape
00:00 +6: test\format_test.dart: column format validates decimals and rule counts
00:00 +7: test\format_test.dart: datasets validate format column indices against their width
00:00 +8: loading test\host_fault_test.dart
00:00 +8: test\host_fault_test.dart: (setUpAll)
00:01 +8: test\host_fault_test.dart: missing ready acknowledgement closes and releases startup
00:01 +9: test\host_fault_test.dart: malformed event fails all pending requests and closes the host
00:01 +10: test\host_fault_test.dart: drop_snapshot reports a deadline and stops further transactions
00:02 +11: test\host_fault_test.dart: drop_dataset reports a deadline and stops further transactions
00:02 +12: test\host_fault_test.dart: drop_diagnostic reports a deadline and stops further transactions
00:03 +13: test\host_fault_test.dart: mismatched dataset acknowledgement never commits Dart state
00:03 +14: test\host_fault_test.dart: native failure after ready preserves the error while draining closed
00:03 +15: test\host_fault_test.dart: caught panic during snapshot submission closes the host
00:03 +16: test\host_fault_test.dart: caught panic during dataset submission closes the host
00:03 +17: test\host_fault_test.dart: caught panic during diagnostic submission closes the host
00:03 +18: test\host_fault_test.dart: runner exit without closed has a bounded failure
00:03 +19: test\host_fault_test.dart: shutdown deadline retains memory until the native loop returns
00:04 +20: test\host_fault_test.dart: (tearDownAll)
00:04 +20: loading test\model_test.dart
00:04 +20: test\model_test.dart: dataset snapshots caller-owned lists and rejects invalid schemas
00:04 +21: test\model_test.dart: snapshot encoding retains table references without publishing records
00:04 +22: test\model_test.dart: window rejects invalid dimensions before FFI
00:04 +23: loading test\native_event_test.dart
00:04 +23: test\native_event_test.dart: rejects invalid UTF-8, JSON, envelopes and required field types
00:04 +24: test\native_event_test.dart: preserves Unicode and tracing fields; decoded events are immutable
00:04 +25: loading test\native_host_test.dart
00:04 +25: test\native_host_test.dart: an incompatible native library fails before host creation
00:04 +26: test\native_host_test.dart: Dart timers publish to the real GPUI loop and shutdown releases it
00:05 +27: test\native_host_test.dart: failed initial descriptions release resources for another host
00:05 +28: loading test\native_trace_test.dart
00:06 +28: test\native_trace_test.dart: real requests correlate across the bridge without recording UI values
00:06 +29: test\native_trace_test.dart: overflow is explicit and does not prevent updates or shutdown
00:07 +30: loading test\style_test.dart
00:07 +30: test\style_test.dart: nodes omit the style key when no style is set
00:07 +31: test\style_test.dart: style serializes to the wire shape
00:07 +32: test\style_test.dart: style rides along on every node kind
00:07 +33: test\style_test.dart: hex colors validate format eagerly
00:07 +34: test\style_test.dart: token enum covers exactly the documented wire names
00:07 +35: test\style_test.dart: padding must list four edges
00:07 +36: loading test\table_view_test.dart
00:07 +36: test\table_view_test.dart: table view serializes to the wire shape and omits empty lists
00:07 +37: test\table_view_test.dart: table view validates term counts and column indices
00:07 +38: test\table_view_test.dart: dataset record IDs validate eagerly and read back by row
00:07 +39: loading test\tracing_test.dart
00:07 +39: test\tracing_test.dart: application spans are bounded and preserve exceptions
00:07 +40: test\tracing_test.dart: tracing needs optional exports and cannot reuse a host attempt
00:07 +41: All tests passed!

